Product: MDK Professional 5.37
Component: ARM Compiler 5.04 update 1 (build 49)
Tool: armlink [5040049]

==============================================================================

Section Cross References

    main.o(.text) refers to _printf_percent.o(.ARM.Collect$$_printf_percent$$00000000) for _printf_percent
    main.o(.text) refers to _printf_d.o(.ARM.Collect$$_printf_percent$$00000009) for _printf_d
    main.o(.text) refers to _printf_dec.o(.text) for _printf_int_dec
    main.o(.text) refers to os_mbox.o(.text) for OSMboxPost
    main.o(.text) refers to os_task.o(.text) for OSTaskSuspend
    main.o(.text) refers to os_time.o(.text) for OSTimeDly
    main.o(.text) refers to noretval__2printf.o(.text) for __2printf
    main.o(.text) refers to delay.o(.text) for delay_init
    main.o(.text) refers to misc.o(.text) for NVIC_PriorityGroupConfig
    main.o(.text) refers to usart.o(.text) for uart_init
    main.o(.text) refers to led.o(.text) for LED_Init
    main.o(.text) refers to lcd_init.o(.text) for LCD_Init
    main.o(.text) refers to lcd.o(.text) for LCD_Fill
    main.o(.text) refers to key.o(.text) for Key_Init
    main.o(.text) refers to os_core.o(.text) for OSInit
    main.o(.text) refers to main.o(.data) for point
    main.o(.text) refers to main.o(.bss) for des
    main.o(.text) refers to usart.o(.data) for rx_flag
    main.o(.text) refers to usart.o(.bss) for rx_buf
    system_stm32f10x.o(.text) refers to system_stm32f10x.o(.data) for SystemCoreClock
    led.o(.text) refers to stm32f10x_rcc.o(.text) for RCC_APB2PeriphClockCmd
    led.o(.text) refers to stm32f10x_gpio.o(.text) for GPIO_Init
    lcd.o(.text) refers to lcd_init.o(.text) for LCD_Address_Set
    lcd.o(.text) refers to lcd.o(.constdata) for tfont32
    lcd.o(.text) refers to fmul.o(x$fpl$fmul) for __aeabi_fmul
    lcd.o(.text) refers to ffixu.o(x$fpl$ffixu) for __aeabi_f2uiz
    lcd_init.o(.text) refers to stm32f10x_rcc.o(.text) for RCC_APB2PeriphClockCmd
    lcd_init.o(.text) refers to stm32f10x_gpio.o(.text) for GPIO_Init
    lcd_init.o(.text) refers to delay.o(.text) for delay_ms
    key.o(.text) refers to stm32f10x_rcc.o(.text) for RCC_APB2PeriphClockCmd
    key.o(.text) refers to stm32f10x_gpio.o(.text) for GPIO_Init
    delay.o(.text) refers to os_core.o(.text) for OSSchedLock
    delay.o(.text) refers to os_time.o(.text) for OSTimeDly
    delay.o(.text) refers to misc.o(.text) for SysTick_CLKSourceConfig
    delay.o(.text) refers to os_core.o(.data) for OSRunning
    delay.o(.text) refers to system_stm32f10x.o(.data) for SystemCoreClock
    delay.o(.text) refers to delay.o(.data) for fac_us
    usart.o(.text) refers (Special) to use_no_semi_2.o(.text) for __use_no_semihosting
    usart.o(.text) refers to stm32f10x_rcc.o(.text) for RCC_APB2PeriphClockCmd
    usart.o(.text) refers to stm32f10x_usart.o(.text) for USART_DeInit
    usart.o(.text) refers to stm32f10x_gpio.o(.text) for GPIO_Init
    usart.o(.text) refers to misc.o(.text) for NVIC_Init
    usart.o(.text) refers to usart.o(.bss) for rx_buf
    usart.o(.text) refers to usart.o(.data) for rx_count
    usart.o(.bss) refers (Special) to use_no_semi_2.o(.text) for __use_no_semihosting
    usart.o(.data) refers (Special) to use_no_semi_2.o(.text) for __use_no_semihosting
    startup_stm32f10x_hd.o(STACK) refers (Special) to heapauxi.o(.text) for __use_two_region_memory
    startup_stm32f10x_hd.o(HEAP) refers (Special) to heapauxi.o(.text) for __use_two_region_memory
    startup_stm32f10x_hd.o(RESET) refers (Special) to heapauxi.o(.text) for __use_two_region_memory
    startup_stm32f10x_hd.o(RESET) refers to startup_stm32f10x_hd.o(STACK) for __initial_sp
    startup_stm32f10x_hd.o(RESET) refers to startup_stm32f10x_hd.o(.text) for Reset_Handler
    startup_stm32f10x_hd.o(RESET) refers to stm32f10x_it.o(.text) for NMI_Handler
    startup_stm32f10x_hd.o(RESET) refers to os_cpu_a.o(.text) for PendSV_Handler
    startup_stm32f10x_hd.o(RESET) refers to delay.o(.text) for SysTick_Handler
    startup_stm32f10x_hd.o(RESET) refers to usart.o(.text) for USART1_IRQHandler
    startup_stm32f10x_hd.o(.text) refers (Special) to heapauxi.o(.text) for __use_two_region_memory
    startup_stm32f10x_hd.o(.text) refers to system_stm32f10x.o(.text) for SystemInit
    startup_stm32f10x_hd.o(.text) refers to __main.o(!!!main) for __main
    startup_stm32f10x_hd.o(.text) refers to startup_stm32f10x_hd.o(HEAP) for Heap_Mem
    startup_stm32f10x_hd.o(.text) refers to startup_stm32f10x_hd.o(STACK) for Stack_Mem
    stm32f10x_gpio.o(.text) refers to stm32f10x_rcc.o(.text) for RCC_APB2PeriphResetCmd
    stm32f10x_usart.o(.text) refers to stm32f10x_rcc.o(.text) for RCC_APB2PeriphResetCmd
    stm32f10x_rcc.o(.text) refers to stm32f10x_rcc.o(.data) for APBAHBPrescTable
    os_core.o(.text) refers to os_cpu_a.o(.text) for OS_CPU_SR_Save
    os_core.o(.text) refers to os_cpu_c.o(.text) for OSTaskIdleHook
[...]
    libinit.o(.ARM.Collect$$libinit$$00000000) refers (Special) to libinit2.o(.ARM.Collect$$libinit$$00000017) for __rt_lib_init_lc_time_1
    libinit.o(.ARM.Collect$$libinit$$00000000) refers (Special) to libinit2.o(.ARM.Collect$$libinit$$0000000C) for __rt_lib_init_rand_1
    libinit.o(.ARM.Collect$$libinit$$00000000) refers (Special) to libinit2.o(.ARM.Collect$$libinit$$00000031) for __rt_lib_init_return
    libinit.o(.ARM.Collect$$libinit$$00000000) refers (Special) to libinit2.o(.ARM.Collect$$libinit$$0000001B) for __rt_lib_init_signal_1
    libinit.o(.ARM.Collect$$libinit$$00000000) refers (Special) to libinit2.o(.ARM.Collect$$libinit$$00000023) for __rt_lib_init_stdio_1
    libinit.o(.ARM.Collect$$libinit$$00000000) refers (Special) to libinit2.o(.ARM.Collect$$libinit$$0000000A) for __rt_lib_init_user_alloc_1
    libspace.o(.text) refers to libspace.o(.bss) for __libspace_start
    rtexit.o(.ARM.Collect$$rtexit$$00000000) refers (Special) to rtexit2.o(.ARM.Collect$$rtexit$$00000004) for __rt_exit_exit
    rtexit.o(.ARM.Collect$$rtexit$$00000000) refers (Special) to rtexit2.o(.ARM.Collect$$rtexit$$00000003) for __rt_exit_ls
    rtexit.o(.ARM.Collect$$rtexit$$00000000) refers (Special) to rtexit2.o(.ARM.Collect$$rtexit$$00000002) for __rt_exit_prels_1
    rtexit.o(.ARM.exidx) refers (Special) to rtexit2.o(.ARM.Collect$$rtexit$$00000004) for __rt_exit_exit
    rtexit.o(.ARM.exidx) refers (Special) to rtexit2.o(.ARM.Collect$$rtexit$$00000003) for __rt_exit_ls
    rtexit.o(.ARM.exidx) refers (Special) to rtexit2.o(.ARM.Collect$$rtexit$$00000002) for __rt_exit_prels_1
    rtexit.o(.ARM.exidx) refers to rtexit.o(.ARM.Collect$$rtexit$$00000000) for .ARM.Collect$$rtexit$$00000000
    libinit2.o(.ARM.Collect$$libinit$$0000000E) refers to libinit2.o(.ARM.Collect$$libinit$$0000000D) for .ARM.Collect$$libinit$$0000000D
    libinit2.o(.ARM.Collect$$libinit$$00000010) refers to libinit2.o(.ARM.Collect$$libinit$$0000000D) for .ARM.Collect$$libinit$$0000000D
    libinit2.o(.ARM.Collect$$libinit$$00000012) refers to libinit2.o(.ARM.Collect$$libinit$$0000000D) for .ARM.Collect$$libinit$$0000000D
    libinit2.o(.ARM.Collect$$libinit$$00000014) refers to libinit2.o(.ARM.Collect$$libinit$$0000000D) for .ARM.Collect$$libinit$$0000000D
    libinit2.o(.ARM.Collect$$libinit$$00000016) refers to libinit2.o(.ARM.Collect$$libinit$$0000000D) for .ARM.Collect$$libinit$$0000000D
    libinit2.o(.ARM.Collect$$libinit$$00000024) refers to argv_veneer.o(.emb_text) for __ARM_argv_veneer
    libinit2.o(.ARM.Collect$$libinit$$00000025) refers to argv_veneer.o(.emb_text) for __ARM_argv_veneer
    rtexit2.o(.ARM.Collect$$rtexit$$00000003) refers to libshutdown.o(.ARM.Collect$$libshutdown$$00000000) for __rt_lib_shutdown
    rtexit2.o(.ARM.Collect$$rtexit$$00000004) refers to usart.o(.text) for _sys_exit
    rtexit2.o(.ARM.exidx) refers to rtexit2.o(.ARM.Collect$$rtexit$$00000001) for .ARM.Collect$$rtexit$$00000001
    rtexit2.o(.ARM.exidx) refers to rtexit2.o(.ARM.Collect$$rtexit$$00000003) for .ARM.Collect$$rtexit$$00000003
    rtexit2.o(.ARM.exidx) refers to rtexit2.o(.ARM.Collect$$rtexit$$00000004) for .ARM.Collect$$rtexit$$00000004
    argv_veneer.o(.emb_text) refers to no_argv.o(.text) for __ARM_get_argv
    _get_argv_nomalloc.o(.text) refers (Special) to hrguard.o(.text) for __heap_region$guard
    _get_argv_nomalloc.o(.text) refers to defsig_rtmem_outer.o(.text) for __rt_SIGRTMEM
    _get_argv_nomalloc.o(.text) refers to sys_command.o(.text) for _sys_command_string
    libshutdown.o(.ARM.Collect$$libshutdown$$00000000) refers (Special) to libshutdown2.o(.ARM.Collect$$libshutdown$$00000006) for __rt_lib_shutdown_fp_trap_1
    libshutdown.o(.ARM.Collect$$libshutdown$$00000000) refers (Special) to libshutdown2.o(.ARM.Collect$$libshutdown$$0000000E) for __rt_lib_shutdown_heap_1
    libshutdown.o(.ARM.Collect$$libshutdown$$00000000) refers (Special) to libshutdown2.o(.ARM.Collect$$libshutdown$$0000000F) for __rt_lib_shutdown_return
    libshutdown.o(.ARM.Collect$$libshutdown$$00000000) refers (Special) to libshutdown2.o(.ARM.Collect$$libshutdown$$00000009) for __rt_lib_shutdown_signal_1
    libshutdown.o(.ARM.Collect$$libshutdown$$00000000) refers (Special) to libshutdown2.o(.ARM.Collect$$libshutdown$$00000003) for __rt_lib_shutdown_stdio_1
    libshutdown.o(.ARM.Collect$$libshutdown$$00000000) refers (Special) to libshutdown2.o(.ARM.Collect$$libshutdown$$0000000B) for __rt_lib_shutdown_user_alloc_1
    sys_command.o(.text) refers (Special) to use_no_semi.o(.text) for __I$use$semihosting
    sys_command.o(.text) refers (Special) to indicate_semi.o(.text) for __semihosting_library_function
    defsig_rtmem_outer.o(.text) refers to defsig_rtmem_inner.o(.text) for __rt_SIGRTMEM_inner
    defsig_rtmem_outer.o(.text) refers to defsig_exit.o(.text) for __sig_exit
    defsig_rtmem_formal.o(.text) refers to rt_raise.o(.text) for __rt_raise
    rt_raise.o(.text) refers to __raise.o(.text) for __raise
    rt_raise.o(.text) refers to usart.o(.text) for _sys_exit
    defsig_exit.o(.text) refers to usart.o(.text) for _sys_exit
    defsig_rtmem_inner.o(.text) refers to defsig_general.o(.text) for __default_signal_display
    __raise.o(.text) refers to defsig.o(CL$$defsig) for __default_signal_handler
    defsig_general.o(.text) refers to sys_wrch.o(.text) for _ttywrch
    sys_wrch.o(.text) refers (Special) to use_no_semi.o(.text) for __I$use$semihosting
    sys_wrch.o(.text) refers (Special) to indicate_semi.o(.text) for __semihosting_library_function
    defsig.o(CL$$defsig) refers to defsig_rtmem_inner.o(.text) for __rt_SIGRTMEM_inner
    defsig_abrt_inner.o(.text) refers to defsig_general.o(.text) for __default_signal_display
    defsig_fpe_inner.o(.text) refers to defsig_general.o(.text) for __default_signal_display
    defsig_rtred_inner.o(.text) refers to defsig_general.o(.text) for __default_signal_display
    defsig_stak_inner.o(.text) refers to defsig_general.o(.text) for __default_signal_display
    defsig_pvfn_inner.o(.text) refers to defsig_general.o(.text) for __default_signal_display
    defsig_cppl_inner.o(.text) refers to defsig_general.o(.text) for __default_signal_display
    defsig_segv_inner.o(.text) refers to defsig_general.o(.text) for __default_signal_display
    defsig_other.o(.text) refers to defsig_general.o(.text) for __default_signal_display


==============================================================================

Removing Unused input sections from the image.

    Removing main.o(.constdata), (3200 bytes).
    Removing sys.o(.emb_text), (6 bytes).
    Removing sys.o(.text), (12 bytes).
    Removing core_cm3.o(.emb_text), (32 bytes).
    Removing os_mutex.o(.text), (1536 bytes).
    Removing os_sem.o(.text), (908 bytes).
    Removing os_cpu_c.o(.data), (4 bytes).

7 unused section(s) (total 5698 bytes) removed from the image.

==============================================================================

Image Symbol Table

    Local Symbols

    Symbol Name                              Value     Ov Type        Size  Object(Section)

    ../clib/angel/boardlib.s                 0x00000000   Number         0  boardinit1.o ABSOLUTE
    ../clib/angel/boardlib.s                 0x00000000   Number         0  boardinit2.o ABSOLUTE
    ../clib/angel/boardlib.s                 0x00000000   Number         0  boardinit3.o ABSOLUTE
    ../clib/angel/boardlib.s                 0x00000000   Number         0  boardshut.o ABSOLUTE
    ../clib/angel/handlers.s                 0x00000000   Number         0  __scatter_zi.o ABSOLUTE
    ../clib/angel/handlers.s                 0x00000000   Number         0  __scatter_copy.o ABSOLUTE
    ../clib/angel/kernel.s                   0x00000000   Number         0  rtexit.o ABSOLUTE
    ../clib/angel/kernel.s                   0x00000000   Number         0  rtentry.o ABSOLUTE
    ../clib/angel/kernel.s                   0x00000000   Number         0  rtexit2.o ABSOLUTE
    ../clib/angel/kernel.s                   0x00000000   Number         0  rtentry2.o ABSOLUTE
    ../clib/angel/kernel.s                   0x00000000   Number         0  rtentry4.o ABSOLUTE
    ../clib/angel/rt.s                       0x00000000   Number         0  rt_raise.o ABSOLUTE
    ../clib/angel/scatter.s                  0x00000000   Number         0  __scatter.o ABSOLUTE
    ../clib/angel/startup.s                  0x00000000   Number         0  __main.o ABSOLUTE
    ../clib/angel/sys.s                      0x00000000   Number         0  use_no_semi.o ABSOLUTE
    ../clib/angel/sys.s                      0x00000000   Number         0  libspace.o ABSOLUTE
    ../clib/angel/sys.s                      0x00000000   Number         0  indicate_semi.o ABSOLUTE
    ../clib/angel/sys.s                      0x00000000   Number         0  use_no_semi_2.o ABSOLUTE
    ../clib/angel/sys.s                      0x00000000   Number         0  sys_stackheap_outer.o ABSOLUTE
    ../clib/angel/sysapp.c                   0x00000000   Number         0  sys_wrch.o ABSOLUTE
    ../clib/angel/sysapp.c                   0x00000000   Number         0  sys_command.o ABSOLUTE
    ../clib/armsys.c                         0x00000000   Number         0  argv_veneer.o ABSOLUTE
    ../clib/armsys.c                         0x00000000   Number         0  argv_veneer.o ABSOLUTE
    ../clib/armsys.c                         0x00000000   Number         0  _get_argv_nomalloc.o ABSOLUTE
    ../clib/armsys.c                         0x00000000   Number         0  no_argv.o ABSOLUTE
    ../clib/heapalloc.c                      0x00000000   Number         0  hrguard.o ABSOLUTE
    ../clib/heapaux.c                        0x00000000   Number         0  heapauxi.o ABSOLUTE
    ../clib/libinit.s                        0x00000000   Number         0  libinit.o ABSOLUTE
    ../clib/libinit.s                        0x00000000   Number         0  libinit2.o ABSOLUTE
    ../clib/libinit.s                        0x00000000   Number         0  libshutdown.o ABSOLUTE
    ../clib/libinit.s                        0x00000000   Number         0  libshutdown2.o ABSOLUTE
    ../clib/printf.c                         0x00000000   Number         0  __printf_wp.o ABSOLUTE
    ../clib/printf.c                         0x00000000   Number         0  __printf_flags_wp.o ABSOLUTE
    ../clib/printf.c                         0x00000000   Number         0  __printf_ss_wp.o ABSOLUTE
    ../clib/printf.c                         0x00000000   Number         0  __printf_flags_ss_wp.o ABSOLUTE
    ../clib/printf.c                         0x00000000   Number         0  _printf_char_file.o ABSOLUTE
    ../clib/printf.c                         0x00000000   Number         0  _printf_intcommon.o ABSOLUTE
    ../clib/printf.c                         0x00000000   Number         0  noretval__2printf.o ABSOLUTE
    ../clib/printf.c                         0x00000000   Number         0  __printf_nopercent.o ABSOLUTE
    ../clib/printf.c                         0x00000000   Number         0  _printf_char_common.o ABSOLUTE
    ../clib/printf.c                         0x00000000   Number         0  __2printf.o ABSOLUTE
    ../clib/printf.c                         0x00000000   Number         0  __printf.o ABSOLUTE
    ../clib/printf.c                         0x00000000   Number         0  _printf_dec.o ABSOLUTE
    ../clib/printf.c                         0x00000000   Number         0  __printf_flags.o ABSOLUTE
    ../clib/printf.c                         0x00000000   Number         0  __printf_ss.o ABSOLUTE
    ../clib/printf.c                         0x00000000   Number         0  __printf_flags_ss.o ABSOLUTE
    ../clib/printf_percent.s                 0x00000000   Number         0  _printf_d.o ABSOLUTE
    ../clib/printf_percent.s                 0x00000000   Number         0  _printf_percent_end.o ABSOLUTE
    ../clib/printf_percent.s                 0x00000000   Number         0  _printf_percent.o ABSOLUTE
    ../clib/signal.c                         0x00000000   Number         0  defsig_stak_inner.o ABSOLUTE
    ../clib/signal.c                         0x00000000   Number         0  defsig_cppl_inner.o ABSOLUTE
    ../clib/signal.c                         0x00000000   Number         0  defsig_other.o ABSOLUTE
    ../clib/signal.c                         0x00000000   Number         0  defsig_rtmem_formal.o ABSOLUTE
    ../clib/signal.c                         0x00000000   Number         0  defsig_segv_inner.o ABSOLUTE
    ../clib/signal.c                         0x00000000   Number         0  defsig_pvfn_inner.o ABSOLUTE
    ../clib/signal.c                         0x00000000   Number         0  defsig_rtred_inner.o ABSOLUTE
    ../clib/signal.c                         0x00000000   Number         0  defsig_rtmem_outer.o ABSOLUTE
    ../clib/signal.c                         0x00000000   Number         0  defsig_rtmem_inner.o ABSOLUTE
    ../clib/signal.c                         0x00000000   Number         0  defsig_fpe_inner.o ABSOLUTE
    ../clib/signal.c                         0x00000000   Number         0  defsig_abrt_inner.o ABSOLUTE
    ../clib/signal.c                         0x00000000   Number         0  defsig_exit.o ABSOLUTE
    ../clib/signal.c                         0x00000000   Number         0  __raise.o ABSOLUTE
    ../clib/signal.c                         0x00000000   Number         0  defsig_general.o ABSOLUTE
    ../clib/signal.s                         0x00000000   Number         0  defsig.o ABSOLUTE
    ../clib/stdio.c                          0x00000000   Number         0  ferror.o ABSOLUTE
    ../clib/stdio.c                          0x00000000   Number         0  ferror_locked.o ABSOLUTE
    ../clib/stdlib.c                         0x00000000   Number         0  exit.o ABSOLUTE
    ../fplib/ffixu.s                         0x00000000   Number         0  ffixu.o ABSOLUTE
    ../fplib/fmul.s                          0x00000000   Number         0  fmul.o ABSOLUTE
    ../fplib/fnaninf.s                       0x00000000   Number         0  fnaninf.o ABSOLUTE
    ../fplib/fpinit.s                        0x00000000   Number         0  fpinit.o ABSOLUTE
    ../fplib/fretinf.s                       0x00000000   Number         0  fretinf.o ABSOLUTE
    ../fplib/usenofp.s                       0x00000000   Number         0  usenofp.o ABSOLUTE
    ..\CORE\core_cm3.c                       0x00000000   Number         0  core_cm3.o ABSOLUTE
    ..\CORE\startup_stm32f10x_hd.s           0x00000000   Number         0  startup_stm32f10x_hd.o ABSOLUTE
    ..\FWLIB\STM32F10x_FWLib\src\misc.c      0x00000000   Number         0  misc.o ABSOLUTE
    ..\FWLIB\STM32F10x_FWLib\src\stm32f10x_gpio.c 0x00000000   Number         0  stm32f10x_gpio.o ABSOLUTE
    ..\FWLIB\STM32F10x_FWLib\src\stm32f10x_rcc.c 0x00000000   Number         0  stm32f10x_rcc.o ABSOLUTE
    ..\FWLIB\STM32F10x_FWLib\src\stm32f10x_usart.c 0x00000000   Number         0  stm32f10x_usart.o ABSOLUTE
    ..\HARDWARE\KEY\key.c                    0x00000000   Number         0  key.o ABSOLUTE
    ..\HARDWARE\LCD\lcd.c                    0x00000000   Number         0  lcd.o ABSOLUTE
    ..\HARDWARE\LCD\lcd_init.c               0x00000000   Number         0  lcd_init.o ABSOLUTE
    ..\HARDWARE\LED\led.c                    0x00000000   Number         0  led.o ABSOLUTE
    ..\SYSTEM\delay\delay.c                  0x00000000   Number         0  delay.o ABSOLUTE
    ..\SYSTEM\sys\sys.c                      0x00000000   Number         0  sys.o ABSOLUTE
    ..\SYSTEM\usart\usart.c                  0x00000000   Number         0  usart.o ABSOLUTE
    ..\UCOSII\CORE\os_core.c                 0x00000000   Number         0  os_core.o ABSOLUTE
    ..\UCOSII\CORE\os_flag.c                 0x00000000   Number         0  os_flag.o ABSOLUTE
    ..\UCOSII\CORE\os_mbox.c                 0x00000000   Number         0  os_mbox.o ABSOLUTE
    ..\UCOSII\CORE\os_mem.c                  0x00000000   Number         0  os_mem.o ABSOLUTE
    ..\UCOSII\CORE\os_mutex.c                0x00000000   Number         0  os_mutex.o ABSOLUTE
    ..\UCOSII\CORE\os_q.c                    0x00000000   Number         0  os_q.o ABSOLUTE
    ..\UCOSII\CORE\os_sem.c                  0x00000000   Number         0  os_sem.o ABSOLUTE
    ..\UCOSII\CORE\os_task.c                 0x00000000   Number         0  os_task.o ABSOLUTE
    ..\UCOSII\CORE\os_time.c                 0x00000000   Number         0  os_time.o ABSOLUTE
    ..\UCOSII\CORE\os_tmr.c                  0x00000000   Number         0  os_tmr.o ABSOLUTE
    ..\UCOSII\PORT\os_cpu_a.asm              0x00000000   Number         0  os_cpu_a.o ABSOLUTE
    ..\UCOSII\PORT\os_cpu_c.c                0x00000000   Number         0  os_cpu_c.o ABSOLUTE
    ..\\CORE\\core_cm3.c                     0x00000000   Number         0  core_cm3.o ABSOLUTE
    ..\\SYSTEM\\sys\\sys.c                   0x00000000   Number         0  sys.o ABSOLUTE
    dc.s                                     0x00000000   Number         0  dc.o ABSOLUTE
    main.c                                   0x00000000   Number         0  main.o ABSOLUTE
    stm32f10x_it.c                           0x00000000   Number         0  stm32f10x_it.o ABSOLUTE
    system_stm32f10x.c                       0x00000000   Number         0  system_stm32f10x.o ABSOLUTE
    RESET                                    0x08000000   Section      304  startup_stm32f10x_hd.o(RESET)
    !!!main                                  0x08000130   Section        8  __main.o(!!!main)
    !!!scatter                               0x08000138   Section       52  __scatter.o(!!!scatter)
    !!handler_copy                           0x0800016c   Section       26  __scatter_copy.o(!!handler_copy)
    !!handler_zi                             0x08000188   Section       28  __scatter_zi.o(!!handler_zi)
    .ARM.Collect$$_printf_percent$$00000000  0x080001a4   Section        0  _printf_percent.o(.ARM.Collect$$_printf_percent$$00000000)
    .ARM.Collect$$_printf_percent$$00000009  0x080001a4   Section        6  _printf_d.o(.ARM.Collect$$_printf_percent$$00000009)
    .ARM.Collect$$_printf_percent$$00000017  0x080001aa   Section        4  _printf_percent_end.o(.ARM.Collect$$_printf_percent$$00000017)
    .ARM.Collect$$libinit$$00000000          0x080001ae   Section        2  libinit.o(.ARM.Collect$$libinit$$00000000)
    .ARM.Collect$$libinit$$00000002          0x080001b0   Section        0  libinit2.o(.ARM.Collect$$libinit$$00000002)
    .ARM.Collect$$libinit$$00000008          0x080001b0   Section        0  libinit2.o(.ARM.Collect$$libinit$$00000008)
    .ARM.Collect$$libinit$$0000000A          0x080001b0   Section        0  libinit2.o(.ARM.Collect$$libinit$$0000000A)
    .ARM.Collect$$libinit$$0000000C          0x080001b0   Section        0  libinit2.o(.ARM.Collect$$libinit$$0000000C)
    .ARM.Collect$$libinit$$0000000F          0x080001b0   Section        0  libinit2.o(.ARM.Collect$$libinit$$0000000F)
    .ARM.Collect$$libinit$$00000011          0x080001b0   Section        0  libinit2.o(.ARM.Collect$$libinit$$00000011)
    .ARM.Collect$$libinit$$00000013          0x080001b0   Section        0  libinit2.o(.ARM.Collect$$libinit$$00000013)
    .ARM.Collect$$libinit$$00000015          0x080001b0   Section        0  libinit2.o(.ARM.Collect$$libinit$$00000015)
    .ARM.Collect$$libinit$$00000017          0x080001b0   Section        0  libinit2.o(.ARM.Collect$$libinit$$00000017)
    .ARM.Collect$$libinit$$00000019          0x080001b0   Section        0  libinit2.o(.ARM.Collect$$libinit$$00000019)
    .ARM.Collect$$libinit$$0000001B          0x080001b0   Section        0  libinit2.o(.ARM.Collect$$libinit$$0000001B)
    .ARM.Collect$$libinit$$0000001D          0x080001b0   Section        0  libinit2.o(.ARM.Collect$$libinit$$0000001D)
    .ARM.Collect$$libinit$$0000001F          0x080001b0   Section        0  libinit2.o(.ARM.Collect$$libinit$$0000001F)
    .ARM.Collect$$libinit$$00000021          0x080001b0   Section        0  libinit2.o(.ARM.Collect$$libinit$$00000021)
    .ARM.Collect$$libinit$$00000023          0x080001b0   Section        0  libinit2.o(.ARM.Collect$$libinit$$00000023)
    .ARM.Collect$$libinit$$0000002A          0x080001b0   Section        0  libinit2.o(.ARM.Collect$$libinit$$0000002A)
    .ARM.Collect$$libinit$$0000002C          0x080001b0   Section        0  libinit2.o(.ARM.Collect$$libinit$$0000002C)
    .ARM.Collect$$libinit$$0000002E          0x080001b0   Section        0  libinit2.o(.ARM.Collect$$libinit$$0000002E)
    .ARM.Collect$$libinit$$00000030          0x080001b0   Section        0  libinit2.o(.ARM.Collect$$libinit$$00000030)
    .ARM.Collect$$libinit$$00000031          0x080001b0   Section        2  libinit2.o(.ARM.Collect$$libinit$$00000031)
    .ARM.Collect$$libshutdown$$00000000      0x080001b2   Section        2  libshutdown.o(.ARM.Collect$$libshutdown$$00000000)
    .ARM.Collect$$libshutdown$$00000003      0x080001b4   Section        0  libshutdown2.o(.ARM.Collect$$libshutdown$$00000003)
    .ARM.Collect$$libshutdown$$00000006      0x080001b4   Section        0  libshutdown2.o(.ARM.Collect$$libshutdown$$00000006)
    .ARM.Collect$$libshutdown$$00000009      0x080001b4   Section        0  libshutdown2.o(.ARM.Collect$$libshutdown$$00000009)
    .ARM.Collect$$libshutdown$$0000000B      0x080001b4   Section        0  libshutdown2.o(.ARM.Collect$$libshutdown$$0000000B)
    .ARM.Collect$$libshutdown$$0000000E      0x080001b4   Section        0  libshutdown2.o(.ARM.Collect$$libshutdown$$0000000E)
    .ARM.Collect$$libshutdown$$0000000F      0x080001b4   Section        2  libshutdown2.o(.ARM.Collect$$libshutdown$$0000000F)
    .ARM.Collect$$rtentry$$00000000          0x080001b6   Section        0  rtentry.o(.ARM.Collect$$rtentry$$00000000)
    .ARM.Collect$$rtentry$$00000002          0x080001b6   Section        0  rtentry2.o(.ARM.Collect$$rtentry$$00000002)
    .ARM.Collect$$rtentry$$00000004          0x080001b6   Section        6  rtentry4.o(.ARM.Collect$$rtentry$$00000004)
    .ARM.Collect$$rtentry$$00000009          0x080001bc   Section        0  rtentry2.o(.ARM.Collect$$rtentry$$00000009)
    .ARM.Collect$$rtentry$$0000000A          0x080001bc   Section        4  rtentry2.o(.ARM.Collect$$rtentry$$0000000A)
    .ARM.Collect$$rtentry$$0000000C          0x080001c0   Section        0  rtentry2.o(.ARM.Collect$$rtentry$$0000000C)
    .ARM.Collect$$rtentry$$0000000D          0x080001c0   Section        8  rtentry2.o(.ARM.Collect$$rtentry$$0000000D)
    .ARM.Collect$$rtexit$$00000000           0x080001c8   Section        2  rtexit.o(.ARM.Collect$$rtexit$$00000000)
    .ARM.Collect$$rtexit$$00000002           0x080001ca   Section        0  rtexit2.o(.ARM.Collect$$rtexit$$00000002)
    .ARM.Collect$$rtexit$$00000003           0x080001ca   Section        4  rtexit2.o(.ARM.Collect$$rtexit$$00000003)
    .ARM.Collect$$rtexit$$00000004           0x080001ce   Section        6  rtexit2.o(.ARM.Collect$$rtexit$$00000004)
    .text                                    0x080001d4   Section        0  main.o(.text)
    .text                                    0x080005b0   Section        0  stm32f10x_it.o(.text)
    .text                                    0x080005c8   Section        0  system_stm32f10x.o(.text)
    SetSysClockTo72                          0x080005c9   Thumb Code   214  system_stm32f10x.o(.text)
    SetSysClock                              0x0800069f   Thumb Code     8  system_stm32f10x.o(.text)
    .text                                    0x080007a8   Section        0  led.o(.text)
    .text                                    0x080007f4   Section        0  lcd.o(.text)
    .text                                    0x080012c8   Section        0  lcd_init.o(.text)
    .text                                    0x08001674   Section        0  key.o(.text)
    .text                                    0x080016a0   Section        0  delay.o(.text)
    .text                                    0x080017d0   Section        0  usart.o(.text)
    .text                                    0x080018fc   Section       64  startup_stm32f10x_hd.o(.text)
    .text                                    0x0800193c   Section        0  misc.o(.text)
    .text                                    0x08001a18   Section        0  stm32f10x_gpio.o(.text)
    .text                                    0x08001d74   Section        0  stm32f10x_usart.o(.text)
    .text                                    0x0800217c   Section        0  stm32f10x_rcc.o(.text)
    .text                                    0x08002520   Section        0  os_core.o(.text)
    OS_InitTaskIdle                          0x08002543   Thumb Code    52  os_core.o(.text)
    OS_InitEventList                         0x08002589   Thumb Code    74  os_core.o(.text)
    OS_InitTCBList                           0x080025d3   Thumb Code   106  os_core.o(.text)
    OS_InitRdyList                           0x0800263d   Thumb Code    44  os_core.o(.text)
    OS_InitMisc                              0x08002669   Thumb Code    32  os_core.o(.text)
    OS_SchedNew                              0x080026cd   Thumb Code    26  os_core.o(.text)
    .text                                    0x08002c70   Section        0  os_flag.o(.text)
    OS_FlagTaskRdy                           0x08002de7   Thumb Code    82  os_flag.o(.text)
    OS_FlagBlock                             0x08002fa1   Thumb Code   152  os_flag.o(.text)
    .text                                    0x0800347c   Section        0  os_mbox.o(.text)
    .text                                    0x08003848   Section        0  os_q.o(.text)
    .text                                    0x08003e30   Section        0  os_task.o(.text)
    .text                                    0x080045f4   Section        0  os_time.o(.text)
    .text                                    0x080047a4   Section        0  os_cpu_c.o(.text)
    .text                                    0x08004854   Section      180  os_cpu_a.o(.text)
    .text                                    0x08004908   Section        2  use_no_semi_2.o(.text)
    .text                                    0x0800490c   Section        0  noretval__2printf.o(.text)
    .text                                    0x08004924   Section        0  __printf.o(.text)
    .text                                    0x0800498c   Section        0  _printf_dec.o(.text)
    .text                                    0x08004a00   Section        0  heapauxi.o(.text)
    .text                                    0x08004a06   Section        2  use_no_semi.o(.text)
    .text                                    0x08004a08   Section        0  _printf_intcommon.o(.text)
    .text                                    0x08004abc   Section        0  _printf_char_file.o(.text)
    .text                                    0x08004ae0   Section        0  _printf_char_common.o(.text)
    _printf_input_char                       0x08004ae1   Thumb Code    10  _printf_char_common.o(.text)
    .text                                    0x08004b10   Section        0  ferror.o(.text)
    .text                                    0x08004b18   Section       74  sys_stackheap_outer.o(.text)
    .text                                    0x08004b62   Section        0  exit.o(.text)
    .text                                    0x08004b70   Section        8  libspace.o(.text)
    x$fpl$ffixu                              0x08004b78   Section       62  ffixu.o(x$fpl$ffixu)
    x$fpl$fmul                               0x08004bb8   Section      258  fmul.o(x$fpl$fmul)
    x$fpl$fnaninf                            0x08004cba   Section      140  fnaninf.o(x$fpl$fnaninf)
    x$fpl$fretinf                            0x08004d46   Section       10  fretinf.o(x$fpl$fretinf)
    .constdata                               0x08004d50   Section    14620  lcd.o(.constdata)
    x$fpl$usenofp                            0x08004d50   Section        0  usenofp.o(x$fpl$usenofp)
    .constdata                               0x0800866c   Section      256  os_core.o(.constdata)
    .data                                    0x20000000   Section       30  main.o(.data)
    .data                                    0x20000020   Section       20  system_stm32f10x.o(.data)
    .data                                    0x20000034   Section        4  delay.o(.data)
    fac_us                                   0x20000034   Data           1  delay.o(.data)
    fac_ms                                   0x20000036   Data           2  delay.o(.data)
    .data                                    0x20000038   Section        9  usart.o(.data)
    .data                                    0x20000041   Section       20  stm32f10x_rcc.o(.data)
    APBAHBPrescTable                         0x20000041   Data          16  stm32f10x_rcc.o(.data)
    ADCPrescTable                            0x20000051   Data           4  stm32f10x_rcc.o(.data)
    .data                                    0x20000058   Section       60  os_core.o(.data)
    .bss                                     0x20000094   Section     1552  main.o(.bss)
    des                                      0x20000694   Data          16  main.o(.bss)
    .bss                                     0x200006a4   Section      215  usart.o(.bss)
    .bss                                     0x2000077c   Section     2092  os_core.o(.bss)
    .bss                                     0x20000fa8   Section       96  libspace.o(.bss)
    HEAP                                     0x20001008   Section      512  startup_stm32f10x_hd.o(HEAP)
    Heap_Mem                                 0x20001008   Data         512  startup_stm32f10x_hd.o(HEAP)
    STACK                                    0x20001208   Section     2048  startup_stm32f10x_hd.o(STACK)
    Stack_Mem                                0x20001208   Data        2048  startup_stm32f10x_hd.o(STACK)
    __initial_sp                             0x20001a08   Data           0  startup_stm32f10x_hd.o(STACK)

    Global Symbols

    Symbol Name                              Value     Ov Type        Size  Object(Section)

    BuildAttributes$$THM_ISAv4$P$D$K$B$S$PE$A:L22UL41UL21$X:L11$S22US41US21$IEEE1$IW$USESV6$~STKCKD$USESV7$~SHL$OSPACE$ROPI$EBA8$UX$STANDARDLIB$REQ8$PRES8$EABIv2 0x00000000   Number         0  anon$$obj.o ABSOLUTE
    __ARM_use_no_argv                        0x00000000   Number         0  main.o ABSOLUTE
    __ARM_exceptions_init                     - Undefined Weak Reference
    __alloca_initialize                       - Undefined Weak Reference
    __cpp_initialize__aeabi_                  - Undefined Weak Reference
    __cxa_finalize                            - Undefined Weak Reference
    __rt_locale                               - Undefined Weak Reference
    __sigvec_lookup                           - Undefined Weak Reference
    _atexit_init                              - Undefined Weak Reference
    _call_atexit_fns                          - Undefined Weak Reference
    _clock_init                               - Undefined Weak Reference
    _fp_trap_init                             - Undefined Weak Reference
    _fp_trap_shutdown                         - Undefined Weak Reference
    _get_lc_collate                           - Undefined Weak Reference
    _get_lc_ctype                             - Undefined Weak Reference
    _get_lc_monetary                          - Undefined Weak Reference
    _get_lc_numeric                           - Undefined Weak Reference
    _get_lc_time                              - Undefined Weak Reference
    _getenv_init                              - Undefined Weak Reference
    _handle_redirection                       - Undefined Weak Reference
    _init_alloc                               - Undefined Weak Reference
    _init_user_alloc                          - Undefined Weak Reference
    _initio                                   - Undefined Weak Reference
    _mutex_acquire                            - Undefined Weak Reference
    _mutex_release                            - Undefined Weak Reference
    _printf_post_padding                      - Undefined Weak Reference
    _printf_pre_padding                       - Undefined Weak Reference
    _printf_truncate_signed                   - Undefined Weak Reference
    _printf_truncate_unsigned                 - Undefined Weak Reference
    _rand_init                                - Undefined Weak Reference
    _signal_finish                            - Undefined Weak Reference
    _signal_init                              - Undefined Weak Reference
    _terminate_alloc                          - Undefined Weak Reference
    _terminate_user_alloc                     - Undefined Weak Reference
    _terminateio                              - Undefined Weak Reference
    __Vectors_Size                           0x00000130   Number         0  startup_stm32f10x_hd.o ABSOLUTE
    __Vectors                                0x08000000   Data           4  startup_stm32f10x_hd.o(RESET)
    __Vectors_End                            0x08000130   Data           0  startup_stm32f10x_hd.o(RESET)
    __main                                   0x08000131   Thumb Code     8  __main.o(!!!main)
    __scatterload                            0x08000139   Thumb Code     0  __scatter.o(!!!scatter)
    __scatterload_rt2                        0x08000139   Thumb Code    44  __scatter.o(!!!scatter)
    __scatterload_rt2_thumb_only             0x08000139   Thumb Code     0  __scatter.o(!!!scatter)
    __scatterload_null                       0x08000147   Thumb Code     0  __scatter.o(!!!scatter)
    __scatterload_copy                       0x0800016d   Thumb Code    26  __scatter_copy.o(!!handler_copy)
    __scatterload_zeroinit                   0x08000189   Thumb Code    28  __scatter_zi.o(!!handler_zi)
    _printf_d                                0x080001a5   Thumb Code     0  _printf_d.o(.ARM.Collect$$_printf_percent$$00000009)
    _printf_percent                          0x080001a5   Thumb Code     0  _printf_percent.o(.ARM.Collect$$_printf_percent$$00000000)
    _printf_percent_end                      0x080001ab   Thumb Code     0  _printf_percent_end.o(.ARM.Collect$$_printf_percent$$00000017)
    __rt_lib_init                            0x080001af   Thumb Code     0  libinit.o(.ARM.Collect$$libinit$$00000000)
    __rt_lib_init_alloca_1                   0x080001b1   Thumb Code     0  libinit2.o(.ARM.Collect$$libinit$$0000002C)
    __rt_lib_init_argv_1                     0x080001b1   Thumb Code     0  libinit2.o(.ARM.Collect$$libinit$$0000002A)
    __rt_lib_init_atexit_1                   0x080001b1   Thumb Code     0  libinit2.o(.ARM.Collect$$libinit$$00000019)
    __rt_lib_init_clock_1                    0x080001b1   Thumb Code     0  libinit2.o(.ARM.Collect$$libinit$$0000001F)
    __rt_lib_init_cpp_1                      0x080001b1   Thumb Code     0  libinit2.o(.ARM.Collect$$libinit$$00000030)
    __rt_lib_init_exceptions_1               0x080001b1   Thumb Code     0  libinit2.o(.ARM.Collect$$libinit$$0000002E)
    __rt_lib_init_fp_1                       0x080001b1   Thumb Code     0  libinit2.o(.ARM.Collect$$libinit$$00000002)
    __rt_lib_init_fp_trap_1                  0x080001b1   Thumb Code     0  libinit2.o(.ARM.Collect$$libinit$$0000001D)
    __rt_lib_init_getenv_1                   0x080001b1   Thumb Code     0  libinit2.o(.ARM.Collect$$libinit$$00000021)
    __rt_lib_init_heap_1                     0x080001b1   Thumb Code     0  libinit2.o(.ARM.Collect$$libinit$$00000008)
    __rt_lib_init_lc_collate_1               0x080001b1   Thumb Code     0  libinit2.o(.ARM.Collect$$libinit$$0000000F)
    __rt_lib_init_lc_ctype_1                 0x080001b1   Thumb Code     0  libinit2.o(.ARM.Collect$$libinit$$00000011)
    __rt_lib_init_lc_monetary_1              0x080001b1   Thumb Code     0  libinit2.o(.ARM.Collect$$libinit$$00000013)
    __rt_lib_init_lc_numeric_1               0x080001b1   Thumb Code     0  libinit2.o(.ARM.Collect$$libinit$$00000015)
    __rt_lib_init_lc_time_1                  0x080001b1   Thumb Code     0  libinit2.o(.ARM.Collect$$libinit$$00000017)
    __rt_lib_init_rand_1                     0x080001b1   Thumb Code     0  libinit2.o(.ARM.Collect$$libinit$$0000000C)
    __rt_lib_init_return                     0x080001b1   Thumb Code     0  libinit2.o(.ARM.Collect$$libinit$$00000031)
    __rt_lib_init_signal_1                   0x080001b1   Thumb Code     0  libinit2.o(.ARM.Collect$$libinit$$0000001B)
    __rt_lib_init_stdio_1                    0x080001b1   Thumb Code     0  libinit2.o(.ARM.Collect$$libinit$$00000023)
    __rt_lib_init_user_alloc_1               0x080001b1   Thumb Code     0  libinit2.o(.ARM.Collect$$libinit$$0000000A)
    __rt_lib_shutdown                        0x080001b3   Thumb Code     0  libshutdown.o(.ARM.Collect$$libshutdown$$00000000)
    __rt_lib_shutdown_fp_trap_1              0x080001b5   Thumb Code     0  libshutdown2.o(.ARM.Collect$$libshutdown$$00000006)
    __rt_lib_shutdown_heap_1                 0x080001b5   Thumb Code     0  libshutdown2.o(.ARM.Collect$$libshutdown$$0000000E)
    __rt_lib_shutdown_return                 0x080001b5   Thumb Code     0  libshutdown2.o(.ARM.Collect$$libshutdown$$0000000F)
    __rt_lib_shutdown_signal_1               0x080001b5   Thumb Code     0  libshutdown2.o(.ARM.Collect$$libshutdown$$00000009)
    __rt_lib_shutdown_stdio_1                0x080001b5   Thumb Code     0  libshutdown2.o(.ARM.Collect$$libshutdown$$00000003)
    __rt_lib_shutdown_user_alloc_1           0x080001b5   Thumb Code     0  libshutdown2.o(.ARM.Collect$$libshutdown$$0000000B)
    __rt_entry                               0x080001b7   Thumb Code     0  rtentry.o(.ARM.Collect$$rtentry$$00000000)
    __rt_entry_presh_1                       0x080001b7   Thumb Code     0  rtentry2.o(.ARM.Collect$$rtentry$$00000002)
    __rt_entry_sh                            0x080001b7   Thumb Code     0  rtentry4.o(.ARM.Collect$$rtentry$$00000004)
    __rt_entry_li                            0x080001bd   Thumb Code     0  rtentry2.o(.ARM.Collect$$rtentry$$0000000A)
    __rt_entry_postsh_1                      0x080001bd   Thumb Code     0  rtentry2.o(.ARM.Collect$$rtentry$$00000009)
    __rt_entry_main                          0x080001c1   Thumb Code     0  rtentry2.o(.ARM.Collect$$rtentry$$0000000D)
    __rt_entry_postli_1                      0x080001c1   Thumb Code     0  rtentry2.o(.ARM.Collect$$rtentry$$0000000C)
    __rt_exit                                0x080001c9   Thumb Code     0  rtexit.o(.ARM.Collect$$rtexit$$00000000)
    __rt_exit_ls                             0x080001cb   Thumb Code     0  rtexit2.o(.ARM.Collect$$rtexit$$00000003)
    __rt_exit_prels_1                        0x080001cb   Thumb Code     0  rtexit2.o(.ARM.Collect$$rtexit$$00000002)
    __rt_exit_exit                           0x080001cf   Thumb Code     0  rtexit2.o(.ARM.Collect$$rtexit$$00000004)
    scan_task                                0x080001d5   Thumb Code    54  main.o(.text)
    motion_task                              0x0800020b   Thumb Code   334  main.o(.text)
    uart_task                                0x08000359   Thumb Code   200  main.o(.text)
    main                                     0x08000421   Thumb Code   150  main.o(.text)
    NMI_Handler                              0x080005b1   Thumb Code     2  stm32f10x_it.o(.text)
    HardFault_Handler                        0x080005b3   Thumb Code     4  stm32f10x_it.o(.text)
    MemManage_Handler                        0x080005b7   Thumb Code     4  stm32f10x_it.o(.text)
    BusFault_Handler                         0x080005bb   Thumb Code     4  stm32f10x_it.o(.text)
    UsageFault_Handler                       0x080005bf   Thumb Code     4  stm32f10x_it.o(.text)
    SVC_Handler                              0x080005c3   Thumb Code     2  stm32f10x_it.o(.text)
    DebugMon_Handler                         0x080005c5   Thumb Code     2  stm32f10x_it.o(.text)
    SystemInit                               0x080006a7   Thumb Code    78  system_stm32f10x.o(.text)
    SystemCoreClockUpdate                    0x080006f5   Thumb Code   142  system_stm32f10x.o(.text)
    LED_Init                                 0x080007a9   Thumb Code    68  led.o(.text)
    LCD_Fill                                 0x080007f5   Thumb Code    74  lcd.o(.text)
    LCD_DrawPoint                            0x0800083f   Thumb Code    28  lcd.o(.text)
    LCD_DrawLine                             0x0800085b   Thumb Code   172  lcd.o(.text)
    LCD_DrawRectangle                        0x08000907   Thumb Code    74  lcd.o(.text)
    Draw_Circle                              0x08000951   Thumb Code   158  lcd.o(.text)
    LCD_ShowChinese32x32                     0x080009ef   Thumb Code   306  lcd.o(.text)
    LCD_ShowChinese24x24                     0x08000b21   Thumb Code   322  lcd.o(.text)
    LCD_ShowChinese16x16                     0x08000c63   Thumb Code   306  lcd.o(.text)
    LCD_ShowChinese12x12                     0x08000d95   Thumb Code   340  lcd.o(.text)
    LCD_ShowChinese                          0x08000ee9   Thumb Code   140  lcd.o(.text)
    LCD_ShowChar                             0x08000f75   Thumb Code   328  lcd.o(.text)
    LCD_ShowString                           0x080010bd   Thumb Code    66  lcd.o(.text)
    mypow                                    0x080010ff   Thumb Code    22  lcd.o(.text)
    LCD_ShowIntNum                           0x08001115   Thumb Code   150  lcd.o(.text)
    LCD_ShowFloatNum1                        0x080011ab   Thumb Code   184  lcd.o(.text)
    LCD_ShowPicture                          0x08001263   Thumb Code   102  lcd.o(.text)
    LCD_GPIO_Init                            0x080012c9   Thumb Code   128  lcd_init.o(.text)
    LCD_Writ_Bus                             0x08001349   Thumb Code    82  lcd_init.o(.text)
    LCD_WR_DATA8                             0x0800139b   Thumb Code    12  lcd_init.o(.text)
    LCD_WR_DATA                              0x080013a7   Thumb Code    18  lcd_init.o(.text)
    LCD_WR_REG                               0x080013b9   Thumb Code    32  lcd_init.o(.text)
    LCD_Address_Set                          0x080013d9   Thumb Code    70  lcd_init.o(.text)
    LCD_Init                                 0x0800141f   Thumb Code   586  lcd_init.o(.text)
    Key_Init                                 0x08001675   Thumb Code    38  key.o(.text)
    delay_osschedlock                        0x080016a1   Thumb Code     8  delay.o(.text)
    delay_osschedunlock                      0x080016a9   Thumb Code     8  delay.o(.text)
    delay_ostimedly                          0x080016b1   Thumb Code    12  delay.o(.text)
    SysTick_Handler                          0x080016bd   Thumb Code    24  delay.o(.text)
    delay_init                               0x080016d5   Thumb Code    76  delay.o(.text)
    delay_us                                 0x08001721   Thumb Code    86  delay.o(.text)
    delay_ms                                 0x08001777   Thumb Code    66  delay.o(.text)
    _sys_exit                                0x080017d1   Thumb Code     6  usart.o(.text)
    fputc                                    0x080017d7   Thumb Code    24  usart.o(.text)
    uart_init                                0x080017ef   Thumb Code   158  usart.o(.text)
    USART1_IRQHandler                        0x0800188d   Thumb Code    82  usart.o(.text)
    Reset_Handler                            0x080018fd   Thumb Code     8  startup_stm32f10x_hd.o(.text)
    ADC1_2_IRQHandler                        0x08001917   Thumb Code     0  startup_stm32f10x_hd.o(.text)
    ADC3_IRQHandler                          0x08001917   Thumb Code     0  startup_stm32f10x_hd.o(.text)
    CAN1_RX1_IRQHandler                      0x08001917   Thumb Code     0  startup_stm32f10x_hd.o(.text)
    CAN1_SCE_IRQHandler                      0x08001917   Thumb Code     0  startup_stm32f10x_hd.o(.text)
    DMA1_Channel1_IRQHandler                 0x08001917   Thumb Code     0  startup_stm32f10x_hd.o(.text)
    DMA1_Channel2_IRQHandler                 0x08001917   Thumb Code     0  startup_stm32f10x_hd.o(.text)
    DMA1_Channel3_IRQHandler                 0x08001917   Thumb Code     0  startup_stm32f10x_hd.o(.text)
    DMA1_Channel4_IRQHandler                 0x08001917   Thumb Code     0  startup_stm32f10x_hd.o(.text)
    DMA1_Channel5_IRQHandler                 0x08001917   Thumb Code     0  startup_stm32f10x_hd.o(.text)
    DMA1_Channel6_IRQHandler                 0x08001917   Thumb Code     0  startup_stm32f10x_hd.o(.text)
    DMA1_Channel7_IRQHandler                 0x08001917   Thumb Code     0  startup_stm32f10x_hd.o(.text)
    DMA2_Channel1_IRQHandler                 0x08001917   Thumb Code     0  startup_stm32f10x_hd.o(.text)
    DMA2_Channel2_IRQHandler                 0x08001917   Thumb Code     0  startup_stm32f10x_hd.o(.text)
    DMA2_Channel3_IRQHandler                 0x08001917   Thumb Code     0  startup_stm32f10x_hd.o(.text)
    DMA2_Channel4_5_IRQHandler               0x08001917   Thumb Code     0  startup_stm32f10x_hd.o(.text)
    EXTI0_IRQHandler                         0x08001917   Thumb Code     0  startup_stm32f10x_hd.o(.text)
    EXTI15_10_IRQHandler                     0x08001917   Thumb Code     0  startup_stm32f10x_hd.o(.text)
    EXTI1_IRQHandler                         0x08001917   Thumb Code     0  startup_stm32f10x_hd.o(.text)
    EXTI2_IRQHandler                         0x08001917   Thumb Code     0  startup_stm32f10x_hd.o(.text)
    EXTI3_IRQHandler                         0x08001917   Thumb Code     0  startup_stm32f10x_hd.o(.text)
    EXTI4_IRQHandler                         0x08001917   Thumb Code     0  startup_stm32f10x_hd.o(.text)
    EXTI9_5_IRQHandler                       0x08001917   Thumb Code     0  startup_stm32f10x_hd.o(.text)
    FLASH_IRQHandler                         0x08001917   Thumb Code     0  startup_stm32f10x_hd.o(.text)
    FSMC_IRQHandler                          0x08001917   Thumb Code     0  startup_stm32f10x_hd.o(.text)
    I2C1_ER_IRQHandler                       0x08001917   Thumb Code     0  startup_stm32f10x_hd.o(.text)
    I2C1_EV_IRQHandler                       0x08001917   Thumb Code     0  startup_stm32f10x_hd.o(.text)
    I2C2_ER_IRQHandler                       0x08001917   Thumb Code     0  startup_stm32f10x_hd.o(.text)
    I2C2_EV_IRQHandler                       0x08001917   Thumb Code     0  startup_stm32f10x_hd.o(.text)
    PVD_IRQHandler                           0x08001917   Thumb Code     0  startup_stm32f10x_hd.o(.text)
    RCC_IRQHandler                           0x08001917   Thumb Code     0  startup_stm32f10x_hd.o(.text)
    RTCAlarm_IRQHandler                      0x08001917   Thumb Code     0  startup_stm32f10x_hd.o(.text)
    RTC_IRQHandler                           0x08001917   Thumb Code     0  startup_stm32f10x_hd.o(.text)
    SDIO_IRQHandler                          0x08001917   Thumb Code     0  startup_stm32f10x_hd.o(.text)
    SPI1_IRQHandler                          0x08001917   Thumb Code     0  startup_stm32f10x_hd.o(.text)
    SPI2_IRQHandler                          0x08001917   Thumb Code     0  startup_stm32f10x_hd.o(.text)
    SPI3_IRQHandler                          0x08001917   Thumb Code     0  startup_stm32f10x_hd.o(.text)
    TAMPER_IRQHandler                        0x08001917   Thumb Code     0  startup_stm32f10x_hd.o(.text)
    TIM1_BRK_IRQHandler                      0x08001917   Thumb Code     0  startup_stm32f10x_hd.o(.text)
    TIM1_CC_IRQHandler                       0x08001917   Thumb Code     0  startup_stm32f10x_hd.o(.text)
    TIM1_TRG_COM_IRQHandler                  0x08001917   Thumb Code     0  startup_stm32f10x_hd.o(.text)
    TIM1_UP_IRQHandler                       0x08001917   Thumb Code     0  startup_stm32f10x_hd.o(.text)
    TIM2_IRQHandler                          0x08001917   Thumb Code     0  startup_stm32f10x_hd.o(.text)
    TIM3_IRQHandler                          0x08001917   Thumb Code     0  startup_stm32f10x_hd.o(.text)
    TIM4_IRQHandler                          0x08001917   Thumb Code     0  startup_stm32f10x_hd.o(.text)
    TIM5_IRQHandler                          0x08001917   Thumb Code     0  startup_stm32f10x_hd.o(.text)
    TIM6_IRQHandler                          0x08001917   Thumb Code     0  startup_stm32f10x_hd.o(.text)
    TIM7_IRQHandler                          0x08001917   Thumb Code     0  startup_stm32f10x_hd.o(.text)
    TIM8_BRK_IRQHandler                      0x08001917   Thumb Code     0  startup_stm32f10x_hd.o(.text)
    TIM8_CC_IRQHandler                       0x08001917   Thumb Code     0  startup_stm32f10x_hd.o(.text)
    TIM8_TRG_COM_IRQHandler                  0x08001917   Thumb Code     0  startup_stm32f10x_hd.o(.text)
    TIM8_UP_IRQHandler                       0x08001917   Thumb Code     0  startup_stm32f10x_hd.o(.text)
    UART4_IRQHandler                         0x08001917   Thumb Code     0  startup_stm32f10x_hd.o(.text)
    UART5_IRQHandler                         0x08001917   Thumb Code     0  startup_stm32f10x_hd.o(.text)
    USART2_IRQHandler                        0x08001917   Thumb Code     0  startup_stm32f10x_hd.o(.text)
    USART3_IRQHandler                        0x08001917   Thumb Code     0  startup_stm32f10x_hd.o(.text)
    USBWakeUp_IRQHandler                     0x08001917   Thumb Code     0  startup_stm32f10x_hd.o(.text)
    USB_HP_CAN1_TX_IRQHandler                0x08001917   Thumb Code     0  startup_stm32f10x_hd.o(.text)
    USB_LP_CAN1_RX0_IRQHandler               0x08001917   Thumb Code     0  startup_stm32f10x_hd.o(.text)
    WWDG_IRQHandler                          0x08001917   Thumb Code     0  startup_stm32f10x_hd.o(.text)
    __user_initial_stackheap                 0x08001919   Thumb Code     0  startup_stm32f10x_hd.o(.text)
    NVIC_PriorityGroupConfig                 0x0800193d   Thumb Code    10  misc.o(.text)
    NVIC_Init                                0x08001947   Thumb Code   100  misc.o(.text)
    NVIC_SetVectorTable                      0x080019ab   Thumb Code    14  misc.o(.text)
    NVIC_SystemLPConfig                      0x080019b9   Thumb Code    34  misc.o(.text)
    SysTick_CLKSourceConfig                  0x080019db   Thumb Code    40  misc.o(.text)
    GPIO_DeInit                              0x08001a19   Thumb Code   172  stm32f10x_gpio.o(.text)
    GPIO_AFIODeInit                          0x08001ac5   Thumb Code    20  stm32f10x_gpio.o(.text)
    GPIO_Init                                0x08001ad9   Thumb Code   278  stm32f10x_gpio.o(.text)
    GPIO_StructInit                          0x08001bef   Thumb Code    16  stm32f10x_gpio.o(.text)
    GPIO_ReadInputDataBit                    0x08001bff   Thumb Code    18  stm32f10x_gpio.o(.text)
    GPIO_ReadInputData                       0x08001c11   Thumb Code     8  stm32f10x_gpio.o(.text)
    GPIO_ReadOutputDataBit                   0x08001c19   Thumb Code    18  stm32f10x_gpio.o(.text)
    GPIO_ReadOutputData                      0x08001c2b   Thumb Code     8  stm32f10x_gpio.o(.text)
    GPIO_SetBits                             0x08001c33   Thumb Code     4  stm32f10x_gpio.o(.text)
    GPIO_ResetBits                           0x08001c37   Thumb Code     4  stm32f10x_gpio.o(.text)
    GPIO_WriteBit                            0x08001c3b   Thumb Code    10  stm32f10x_gpio.o(.text)
    GPIO_Write                               0x08001c45   Thumb Code     4  stm32f10x_gpio.o(.text)
    GPIO_PinLockConfig                       0x08001c49   Thumb Code    18  stm32f10x_gpio.o(.text)
    GPIO_EventOutputConfig                   0x08001c5b   Thumb Code    26  stm32f10x_gpio.o(.text)
    GPIO_EventOutputCmd                      0x08001c75   Thumb Code     6  stm32f10x_gpio.o(.text)
    GPIO_PinRemapConfig                      0x08001c7b   Thumb Code   138  stm32f10x_gpio.o(.text)
    GPIO_EXTILineConfig                      0x08001d05   Thumb Code    66  stm32f10x_gpio.o(.text)
    GPIO_ETH_MediaInterfaceConfig            0x08001d47   Thumb Code     8  stm32f10x_gpio.o(.text)
    USART_DeInit                             0x08001d75   Thumb Code   134  stm32f10x_usart.o(.text)
    USART_Init                               0x08001dfb   Thumb Code   210  stm32f10x_usart.o(.text)
    USART_StructInit                         0x08001ecd   Thumb Code    24  stm32f10x_usart.o(.text)
    USART_ClockInit                          0x08001ee5   Thumb Code    34  stm32f10x_usart.o(.text)
    USART_ClockStructInit                    0x08001f07   Thumb Code    12  stm32f10x_usart.o(.text)
    USART_Cmd                                0x08001f13   Thumb Code    24  stm32f10x_usart.o(.text)
    USART_ITConfig                           0x08001f2b   Thumb Code    74  stm32f10x_usart.o(.text)
    USART_DMACmd                             0x08001f75   Thumb Code    18  stm32f10x_usart.o(.text)
    USART_SetAddress                         0x08001f87   Thumb Code    18  stm32f10x_usart.o(.text)
    USART_WakeUpConfig                       0x08001f99   Thumb Code    18  stm32f10x_usart.o(.text)
    USART_ReceiverWakeUpCmd                  0x08001fab   Thumb Code    24  stm32f10x_usart.o(.text)
    USART_LINBreakDetectLengthConfig         0x08001fc3   Thumb Code    18  stm32f10x_usart.o(.text)
    USART_LINCmd                             0x08001fd5   Thumb Code    24  stm32f10x_usart.o(.text)
    USART_SendData                           0x08001fed   Thumb Code     8  stm32f10x_usart.o(.text)
    USART_ReceiveData                        0x08001ff5   Thumb Code    10  stm32f10x_usart.o(.text)
    USART_SendBreak                          0x08001fff   Thumb Code    10  stm32f10x_usart.o(.text)
    USART_SetGuardTime                       0x08002009   Thumb Code    16  stm32f10x_usart.o(.text)
    USART_SetPrescaler                       0x08002019   Thumb Code    16  stm32f10x_usart.o(.text)
    USART_SmartCardCmd                       0x08002029   Thumb Code    24  stm32f10x_usart.o(.text)
    USART_SmartCardNACKCmd                   0x08002041   Thumb Code    24  stm32f10x_usart.o(.text)
    USART_HalfDuplexCmd                      0x08002059   Thumb Code    24  stm32f10x_usart.o(.text)
    USART_OverSampling8Cmd                   0x08002071   Thumb Code    22  stm32f10x_usart.o(.text)
    USART_OneBitMethodCmd                    0x08002087   Thumb Code    24  stm32f10x_usart.o(.text)
    USART_IrDAConfig                         0x0800209f   Thumb Code    18  stm32f10x_usart.o(.text)
    USART_IrDACmd                            0x080020b1   Thumb Code    24  stm32f10x_usart.o(.text)
    USART_GetFlagStatus                      0x080020c9   Thumb Code    26  stm32f10x_usart.o(.text)
    USART_ClearFlag                          0x080020e3   Thumb Code    18  stm32f10x_usart.o(.text)
    USART_GetITStatus                        0x080020f5   Thumb Code    84  stm32f10x_usart.o(.text)
    USART_ClearITPendingBit                  0x08002149   Thumb Code    52  stm32f10x_usart.o(.text)
    RCC_DeInit                               0x0800217d   Thumb Code    64  stm32f10x_rcc.o(.text)
    RCC_HSEConfig                            0x080021bd   Thumb Code    70  stm32f10x_rcc.o(.text)
    RCC_GetFlagStatus                        0x08002203   Thumb Code    56  stm32f10x_rcc.o(.text)
    RCC_WaitForHSEStartUp                    0x0800223b   Thumb Code    56  stm32f10x_rcc.o(.text)
    RCC_AdjustHSICalibrationValue            0x08002273   Thumb Code    20  stm32f10x_rcc.o(.text)
    RCC_HSICmd                               0x08002287   Thumb Code     6  stm32f10x_rcc.o(.text)
    RCC_PLLConfig                            0x0800228d   Thumb Code    24  stm32f10x_rcc.o(.text)
    RCC_PLLCmd                               0x080022a5   Thumb Code     6  stm32f10x_rcc.o(.text)
    RCC_SYSCLKConfig                         0x080022ab   Thumb Code    18  stm32f10x_rcc.o(.text)
    RCC_GetSYSCLKSource                      0x080022bd   Thumb Code    10  stm32f10x_rcc.o(.text)
    RCC_HCLKConfig                           0x080022c7   Thumb Code    18  stm32f10x_rcc.o(.text)
    RCC_PCLK1Config                          0x080022d9   Thumb Code    18  stm32f10x_rcc.o(.text)
    RCC_PCLK2Config                          0x080022eb   Thumb Code    20  stm32f10x_rcc.o(.text)
    RCC_ITConfig                             0x080022ff   Thumb Code    26  stm32f10x_rcc.o(.text)
    RCC_USBCLKConfig                         0x08002319   Thumb Code     8  stm32f10x_rcc.o(.text)
    RCC_ADCCLKConfig                         0x08002321   Thumb Code    18  stm32f10x_rcc.o(.text)
    RCC_LSEConfig                            0x08002333   Thumb Code    50  stm32f10x_rcc.o(.text)
    RCC_LSICmd                               0x08002365   Thumb Code     6  stm32f10x_rcc.o(.text)
    RCC_RTCCLKConfig                         0x0800236b   Thumb Code    12  stm32f10x_rcc.o(.text)
    RCC_RTCCLKCmd                            0x08002377   Thumb Code     8  stm32f10x_rcc.o(.text)
    RCC_GetClocksFreq                        0x0800237f   Thumb Code   192  stm32f10x_rcc.o(.text)
    RCC_AHBPeriphClockCmd                    0x0800243f   Thumb Code    26  stm32f10x_rcc.o(.text)
    RCC_APB2PeriphClockCmd                   0x08002459   Thumb Code    26  stm32f10x_rcc.o(.text)
    RCC_APB1PeriphClockCmd                   0x08002473   Thumb Code    26  stm32f10x_rcc.o(.text)
    RCC_APB2PeriphResetCmd                   0x0800248d   Thumb Code    26  stm32f10x_rcc.o(.text)
    RCC_APB1PeriphResetCmd                   0x080024a7   Thumb Code    26  stm32f10x_rcc.o(.text)
    RCC_BackupResetCmd                       0x080024c1   Thumb Code     8  stm32f10x_rcc.o(.text)
    RCC_ClockSecuritySystemCmd               0x080024c9   Thumb Code     6  stm32f10x_rcc.o(.text)
    RCC_MCOConfig                            0x080024cf   Thumb Code     6  stm32f10x_rcc.o(.text)
    RCC_ClearFlag                            0x080024d5   Thumb Code    14  stm32f10x_rcc.o(.text)
    RCC_GetITStatus                          0x080024e3   Thumb Code    20  stm32f10x_rcc.o(.text)
    RCC_ClearITPendingBit                    0x080024f7   Thumb Code     6  stm32f10x_rcc.o(.text)
    OS_TaskIdle                              0x08002521   Thumb Code    34  os_core.o(.text)
    OS_MemClr                                0x08002577   Thumb Code    18  os_core.o(.text)
    OSInit                                   0x08002689   Thumb Code    40  os_core.o(.text)
    OSIntEnter                               0x080026b1   Thumb Code    28  os_core.o(.text)
    OSIntExit                                0x080026e7   Thumb Code   112  os_core.o(.text)
    OSSchedLock                              0x08002757   Thumb Code    50  os_core.o(.text)
    OS_Sched                                 0x08002789   Thumb Code    88  os_core.o(.text)
    OSSchedUnlock                            0x080027e1   Thumb Code    82  os_core.o(.text)
    OSStart                                  0x08002833   Thumb Code    48  os_core.o(.text)
    OSTimeTick                               0x08002863   Thumb Code   328  os_core.o(.text)
    OSVersion                                0x080029ab   Thumb Code     6  os_core.o(.text)
    OS_Dummy                                 0x080029b1   Thumb Code     2  os_core.o(.text)
    OS_EventTaskRemove                       0x080029b3   Thumb Code    42  os_core.o(.text)
    OS_EventTaskRdy                          0x080029dd   Thumb Code   114  os_core.o(.text)
    OS_EventTaskWait                         0x08002a4f   Thumb Code   112  os_core.o(.text)
    OS_EventWaitListInit                     0x08002abf   Thumb Code    28  os_core.o(.text)
    OS_MemCopy                               0x08002adb   Thumb Code    20  os_core.o(.text)
    OS_StrLen                                0x08002aef   Thumb Code    20  os_core.o(.text)
    OS_TaskStatStkChk                        0x08002b03   Thumb Code    54  os_core.o(.text)
    OS_TCBInit                               0x08002b39   Thumb Code   280  os_core.o(.text)
    OSFlagAccept                             0x08002c71   Thumb Code   252  os_flag.o(.text)
    OSFlagCreate                             0x08002d6d   Thumb Code    86  os_flag.o(.text)
    OS_FlagUnlink                            0x08002dc3   Thumb Code    36  os_flag.o(.text)
    OSFlagDel                                0x08002e39   Thumb Code   214  os_flag.o(.text)
    OSFlagNameGet                            0x08002f0f   Thumb Code    80  os_flag.o(.text)
    OSFlagNameSet                            0x08002f5f   Thumb Code    66  os_flag.o(.text)
    OSFlagPend                               0x08003039   Thumb Code   614  os_flag.o(.text)
    OSFlagPendGetFlagsRdy                    0x0800329f   Thumb Code    26  os_flag.o(.text)
    OSFlagPost                               0x080032b9   Thumb Code   312  os_flag.o(.text)
    OSFlagQuery                              0x080033f1   Thumb Code    48  os_flag.o(.text)
    OS_FlagInit                              0x08003421   Thumb Code    78  os_flag.o(.text)
    OSMboxAccept                             0x0800347d   Thumb Code    38  os_mbox.o(.text)
    OSMboxCreate                             0x080034a3   Thumb Code    68  os_mbox.o(.text)
    OSMboxDel                                0x080034e7   Thumb Code   200  os_mbox.o(.text)
    OSMboxPend                               0x080035af   Thumb Code   246  os_mbox.o(.text)
    OSMboxPendAbort                          0x080036a5   Thumb Code   128  os_mbox.o(.text)
    OSMboxPost                               0x08003725   Thumb Code    80  os_mbox.o(.text)
    OSMboxPostOpt                            0x08003775   Thumb Code   120  os_mbox.o(.text)
    OSMboxQuery                              0x080037ed   Thumb Code    76  os_mbox.o(.text)
    OSQAccept                                0x08003849   Thumb Code    88  os_q.o(.text)
    OSQCreate                                0x080038a1   Thumb Code   140  os_q.o(.text)
    OSQDel                                   0x0800392d   Thumb Code   236  os_q.o(.text)
    OSQFlush                                 0x08003a19   Thumb Code    36  os_q.o(.text)
    OSQPend                                  0x08003a3d   Thumb Code   272  os_q.o(.text)
    OSQPendAbort                             0x08003b4d   Thumb Code   128  os_q.o(.text)
    OSQPost                                  0x08003bcd   Thumb Code   114  os_q.o(.text)
    OSQPostFront                             0x08003c3f   Thumb Code   136  os_q.o(.text)
    OSQPostOpt                               0x08003cc7   Thumb Code   182  os_q.o(.text)
    OSQQuery                                 0x08003d7d   Thumb Code    98  os_q.o(.text)
    OS_QInit                                 0x08003ddf   Thumb Code    72  os_q.o(.text)
    OSTaskChangePrio                         0x08003e31   Thumb Code   308  os_task.o(.text)
    OSTaskCreate                             0x08003f65   Thumb Code   148  os_task.o(.text)
    OS_TaskStkClr                            0x08003ff9   Thumb Code    26  os_task.o(.text)
    OSTaskCreateExt                          0x08004013   Thumb Code   170  os_task.o(.text)
    OSTaskDel                                0x080040bd   Thumb Code   294  os_task.o(.text)
    OSTaskDelReq                             0x080041e3   Thumb Code   144  os_task.o(.text)
    OSTaskNameGet                            0x08004273   Thumb Code   114  os_task.o(.text)
    OSTaskNameSet                            0x080042e5   Thumb Code    98  os_task.o(.text)
    OSTaskResume                             0x08004347   Thumb Code   154  os_task.o(.text)
    OSTaskStkChk                             0x080043e1   Thumb Code   132  os_task.o(.text)
    OSTaskSuspend                            0x08004465   Thumb Code   152  os_task.o(.text)
    OSTaskQuery                              0x080044fd   Thumb Code    82  os_task.o(.text)
    OSTaskRegGet                             0x0800454f   Thumb Code    60  os_task.o(.text)
    OSTaskRegSet                             0x0800458b   Thumb Code    62  os_task.o(.text)
    OS_TaskReturn                            0x080045c9   Thumb Code    18  os_task.o(.text)
    OSTimeDly                                0x080045f5   Thumb Code   100  os_time.o(.text)
    OSTimeDlyHMSM                            0x08004659   Thumb Code    86  os_time.o(.text)
    OSTimeDlyResume                          0x080046af   Thumb Code   168  os_time.o(.text)
    OSTimeGet                                0x08004757   Thumb Code    24  os_time.o(.text)
    OSTimeSet                                0x0800476f   Thumb Code    24  os_time.o(.text)
    OSInitHookBegin                          0x080047a5   Thumb Code     2  os_cpu_c.o(.text)
    OSInitHookEnd                            0x080047a7   Thumb Code     2  os_cpu_c.o(.text)
    OSTaskCreateHook                         0x080047a9   Thumb Code     2  os_cpu_c.o(.text)
    OSTaskDelHook                            0x080047ab   Thumb Code     2  os_cpu_c.o(.text)
    OSTaskIdleHook                           0x080047ad   Thumb Code     2  os_cpu_c.o(.text)
    OSTaskStatHook                           0x080047af   Thumb Code     2  os_cpu_c.o(.text)
    OSTaskStkInit                            0x080047b1   Thumb Code   154  os_cpu_c.o(.text)
    OSTaskSwHook                             0x0800484b   Thumb Code     2  os_cpu_c.o(.text)
    OSTCBInitHook                            0x0800484d   Thumb Code     2  os_cpu_c.o(.text)
    OSTimeTickHook                           0x0800484f   Thumb Code     2  os_cpu_c.o(.text)
    OSTaskReturnHook                         0x08004851   Thumb Code     2  os_cpu_c.o(.text)
    OS_CPU_SR_Save                           0x08004855   Thumb Code     0  os_cpu_a.o(.text)
    OS_CPU_SR_Restore                        0x0800485d   Thumb Code     0  os_cpu_a.o(.text)
    OSStartHighRdy                           0x08004863   Thumb Code     0  os_cpu_a.o(.text)
    OSCtxSw                                  0x08004885   Thumb Code     0  os_cpu_a.o(.text)
    OSIntCtxSw                               0x08004893   Thumb Code     0  os_cpu_a.o(.text)
    PendSV_Handler                           0x080048a3   Thumb Code     0  os_cpu_a.o(.text)
    __use_no_semihosting                     0x08004909   Thumb Code     2  use_no_semi_2.o(.text)
    __2printf                                0x0800490d   Thumb Code    20  noretval__2printf.o(.text)
    __printf                                 0x08004925   Thumb Code   104  __printf.o(.text)
    _printf_int_dec                          0x0800498d   Thumb Code   100  _printf_dec.o(.text)
    __use_two_region_memory                  0x08004a01   Thumb Code     2  heapauxi.o(.text)
    __rt_heap_escrow$2region                 0x08004a03   Thumb Code     2  heapauxi.o(.text)
    __rt_heap_expand$2region                 0x08004a05   Thumb Code     2  heapauxi.o(.text)
    __I$use$semihosting                      0x08004a07   Thumb Code     0  use_no_semi.o(.text)
    __use_no_semihosting_swi                 0x08004a07   Thumb Code     2  use_no_semi.o(.text)
    _printf_int_common                       0x08004a09   Thumb Code   178  _printf_intcommon.o(.text)
    _printf_char_file                        0x08004abd   Thumb Code    32  _printf_char_file.o(.text)
    _printf_char_common                      0x08004aeb   Thumb Code    32  _printf_char_common.o(.text)
    ferror                                   0x08004b11   Thumb Code     8  ferror.o(.text)
    __user_setup_stackheap                   0x08004b19   Thumb Code    74  sys_stackheap_outer.o(.text)
    exit                                     0x08004b63   Thumb Code    12  exit.o(.text)
    __user_libspace                          0x08004b71   Thumb Code     8  libspace.o(.text)
    __user_perproc_libspace                  0x08004b71   Thumb Code     0  libspace.o(.text)
    __user_perthread_libspace                0x08004b71   Thumb Code     0  libspace.o(.text)
    __aeabi_f2uiz                            0x08004b79   Thumb Code     0  ffixu.o(x$fpl$ffixu)
    _ffixu                                   0x08004b79   Thumb Code    62  ffixu.o(x$fpl$ffixu)
    __aeabi_fmul                             0x08004bb9   Thumb Code     0  fmul.o(x$fpl$fmul)
    _fmul                                    0x08004bb9   Thumb Code   258  fmul.o(x$fpl$fmul)
    __fpl_fnaninf                            0x08004cbb   Thumb Code   140  fnaninf.o(x$fpl$fnaninf)
    __fpl_fretinf                            0x08004d47   Thumb Code    10  fretinf.o(x$fpl$fretinf)
    __I$use$fp                               0x08004d50   Number         0  usenofp.o(x$fpl$usenofp)
    ascii_1206                               0x08004d50   Data        1140  lcd.o(.constdata)
    ascii_1608                               0x080051c4   Data        1520  lcd.o(.constdata)
    ascii_2412                               0x080057b4   Data        4560  lcd.o(.constdata)
    ascii_3216                               0x08006984   Data        6080  lcd.o(.constdata)
    tfont12                                  0x08008144   Data         130  lcd.o(.constdata)
    tfont16                                  0x080081c6   Data         170  lcd.o(.constdata)
    tfont24                                  0x08008270   Data         370  lcd.o(.constdata)
    tfont32                                  0x080083e2   Data         650  lcd.o(.constdata)
    OSUnMapTbl                               0x0800866c   Data         256  os_core.o(.constdata)
    Region$$Table$$Base                      0x0800876c   Number         0  anon$$obj.o(Region$$Table)
    Region$$Table$$Limit                     0x0800878c   Number         0  anon$$obj.o(Region$$Table)
    mbox                                     0x20000000   Data           4  main.o(.data)
    err                                      0x20000004   Data           1  main.o(.data)
    send_data                                0x20000008   Data           4  main.o(.data)
    realtime_floor                           0x2000000c   Data           2  main.o(.data)
    realtime_direction                       0x2000000e   Data           2  main.o(.data)
    motion_floor                             0x20000010   Data           2  main.o(.data)
    point                                    0x20000012   Data           2  main.o(.data)
    direct                                   0x20000014   Data           1  main.o(.data)
    correct_floor                            0x20000016   Data           2  main.o(.data)
    destination_floor                        0x20000018   Data           2  main.o(.data)
    pend_dir                                 0x2000001a   Data           2  main.o(.data)
    pend_floor                               0x2000001c   Data           2  main.o(.data)
    SystemCoreClock                          0x20000020   Data           4  system_stm32f10x.o(.data)
    AHBPrescTable                            0x20000024   Data          16  system_stm32f10x.o(.data)
    __stdout                                 0x20000038   Data           4  usart.o(.data)
    USART_RX_STA                             0x2000003c   Data           2  usart.o(.data)
    rx_count                                 0x2000003e   Data           1  usart.o(.data)
    rx_ideltime                              0x2000003f   Data           1  usart.o(.data)
    rx_flag                                  0x20000040   Data           1  usart.o(.data)
    OSCtxSwCtr                               0x20000058   Data           4  os_core.o(.data)
    OSEventFreeList                          0x2000005c   Data           4  os_core.o(.data)
    OSFlagFreeList                           0x20000060   Data           4  os_core.o(.data)
    OSIntNesting                             0x20000064   Data           1  os_core.o(.data)
    OSLockNesting                            0x20000065   Data           1  os_core.o(.data)
    OSPrioCur                                0x20000066   Data           1  os_core.o(.data)
    OSPrioHighRdy                            0x20000067   Data           1  os_core.o(.data)
    OSRdyGrp                                 0x20000068   Data           1  os_core.o(.data)
    OSRdyTbl                                 0x20000069   Data           8  os_core.o(.data)
    OSRunning                                0x20000071   Data           1  os_core.o(.data)
    OSTaskCtr                                0x20000072   Data           1  os_core.o(.data)
    OSIdleCtr                                0x20000074   Data           4  os_core.o(.data)
    OSTCBCur                                 0x20000078   Data           4  os_core.o(.data)
    OSTCBFreeList                            0x2000007c   Data           4  os_core.o(.data)
    OSTCBHighRdy                             0x20000080   Data           4  os_core.o(.data)
    OSTCBList                                0x20000084   Data           4  os_core.o(.data)
    OSTickStepState                          0x20000088   Data           1  os_core.o(.data)
    OSQFreeList                              0x2000008c   Data           4  os_core.o(.data)
    OSTime                                   0x20000090   Data           4  os_core.o(.data)
    UART_TASK_STK                            0x20000094   Data         512  main.o(.bss)
    MOTION_TASK_STK                          0x20000294   Data         512  main.o(.bss)
    SCAN_TASK_STK                            0x20000494   Data         512  main.o(.bss)
    USART_RX_BUF                             0x200006a4   Data         200  usart.o(.bss)
    rx_buf                                   0x2000076c   Data          15  usart.o(.bss)
    OSEventTbl                               0x2000077c   Data         200  os_core.o(.bss)
    OSFlagTbl                                0x20000844   Data          80  os_core.o(.bss)
    OSTaskIdleStk                            0x20000894   Data         512  os_core.o(.bss)
    OSTCBPrioTbl                             0x20000a94   Data         256  os_core.o(.bss)
    OSTCBTbl                                 0x20000b94   Data         924  os_core.o(.bss)
    OSQTbl                                   0x20000f30   Data         120  os_core.o(.bss)
    __libspace_start                         0x20000fa8   Data          96  libspace.o(.bss)
    __temporary_stack_top$libspace           0x20001008   Data           0  libspace.o(.bss)



==============================================================================

Memory Map of the image

  Image Entry point : 0x08000131

  Load Region LR_IROM1 (Base: 0x08000000, Size: 0x00008820, Max: 0x00080000, ABSOLUTE)

    Execution Region ER_IROM1 (Exec base: 0x08000000, Load base: 0x08000000, Size: 0x0000878c, Max: 0x00080000, ABSOLUTE)

    Exec Addr    Load Addr    Size         Type   Attr      Idx    E Section Name        Object

    0x08000000   0x08000000   0x00000130   Data   RO          348    RESET               startup_stm32f10x_hd.o
    0x08000130   0x08000130   0x00000008   Code   RO          580  * !!!main             c_w.l(__main.o)
    0x08000138   0x08000138   0x00000034   Code   RO          756    !!!scatter          c_w.l(__scatter.o)
    0x0800016c   0x0800016c   0x0000001a   Code   RO          758    !!handler_copy      c_w.l(__scatter_copy.o)
    0x08000186   0x08000186   0x00000002   PAD
    0x08000188   0x08000188   0x0000001c   Code   RO          760    !!handler_zi        c_w.l(__scatter_zi.o)
    0x080001a4   0x080001a4   0x00000000   Code   RO          577    .ARM.Collect$$_printf_percent$$00000000  c_w.l(_printf_percent.o)
    0x080001a4   0x080001a4   0x00000006   Code   RO          576    .ARM.Collect$$_printf_percent$$00000009  c_w.l(_printf_d.o)
    0x080001aa   0x080001aa   0x00000004   Code   RO          595    .ARM.Collect$$_printf_percent$$00000017  c_w.l(_printf_percent_end.o)
    0x080001ae   0x080001ae   0x00000002   Code   RO          633    .ARM.Collect$$libinit$$00000000  c_w.l(libinit.o)
    0x080001b0   0x080001b0   0x00000000   Code   RO          640    .ARM.Collect$$libinit$$00000002  c_w.l(libinit2.o)
    0x080001b0   0x080001b0   0x00000000   Code   RO          643    .ARM.Collect$$libinit$$00000008  c_w.l(libinit2.o)
    0x080001b0   0x080001b0   0x00000000   Code   RO          645    .ARM.Collect$$libinit$$0000000A  c_w.l(libinit2.o)
    0x080001b0   0x080001b0   0x00000000   Code   RO          647    .ARM.Collect$$libinit$$0000000C  c_w.l(libinit2.o)
    0x080001b0   0x080001b0   0x00000000   Code   RO          650    .ARM.Collect$$libinit$$0000000F  c_w.l(libinit2.o)
    0x080001b0   0x080001b0   0x00000000   Code   RO          652    .ARM.Collect$$libinit$$00000011  c_w.l(libinit2.o)
    0x080001b0   0x080001b0   0x00000000   Code   RO          654    .ARM.Collect$$libinit$$00000013  c_w.l(libinit2.o)
    0x080001b0   0x080001b0   0x00000000   Code   RO          656    .ARM.Collect$$libinit$$00000015  c_w.l(libinit2.o)
    0x080001b0   0x080001b0   0x00000000   Code   RO          658    .ARM.Collect$$libinit$$00000017  c_w.l(libinit2.o)
    0x080001b0   0x080001b0   0x00000000   Code   RO          660    .ARM.Collect$$libinit$$00000019  c_w.l(libinit2.o)
    0x080001b0   0x080001b0   0x00000000   Code   RO          662    .ARM.Collect$$libinit$$0000001B  c_w.l(libinit2.o)
    0x080001b0   0x080001b0   0x00000000   Code   RO          664    .ARM.Collect$$libinit$$0000001D  c_w.l(libinit2.o)
    0x080001b0   0x080001b0   0x00000000   Code   RO          666    .ARM.Collect$$libinit$$0000001F  c_w.l(libinit2.o)
    0x080001b0   0x080001b0   0x00000000   Code   RO          668    .ARM.Collect$$libinit$$00000021  c_w.l(libinit2.o)
    0x080001b0   0x080001b0   0x00000000   Code   RO          670    .ARM.Collect$$libinit$$00000023  c_w.l(libinit2.o)
    0x080001b0   0x080001b0   0x00000000   Code   RO          674    .ARM.Collect$$libinit$$0000002A  c_w.l(libinit2.o)
    0x080001b0   0x080001b0   0x00000000   Code   RO          676    .ARM.Collect$$libinit$$0000002C  c_w.l(libinit2.o)
    0x080001b0   0x080001b0   0x00000000   Code   RO          678    .ARM.Collect$$libinit$$0000002E  c_w.l(libinit2.o)
    0x080001b0   0x080001b0   0x00000000   Code   RO          680    .ARM.Collect$$libinit$$00000030  c_w.l(libinit2.o)
    0x080001b0   0x080001b0   0x00000002   Code   RO          681    .ARM.Collect$$libinit$$00000031  c_w.l(libinit2.o)
    0x080001b2   0x080001b2   0x00000002   Code   RO          699    .ARM.Collect$$libshutdown$$00000000  c_w.l(libshutdown.o)
    0x080001b4   0x080001b4   0x00000000   Code   RO          710    .ARM.Collect$$libshutdown$$00000003  c_w.l(libshutdown2.o)
    0x080001b4   0x080001b4   0x00000000   Code   RO          713    .ARM.Collect$$libshutdown$$00000006  c_w.l(libshutdown2.o)
    0x080001b4   0x080001b4   0x00000000   Code   RO          716    .ARM.Collect$$libshutdown$$00000009  c_w.l(libshutdown2.o)
    0x080001b4   0x080001b4   0x00000000   Code   RO          718    .ARM.Collect$$libshutdown$$0000000B  c_w.l(libshutdown2.o)
    0x080001b4   0x080001b4   0x00000000   Code   RO          721    .ARM.Collect$$libshutdown$$0000000E  c_w.l(libshutdown2.o)
    0x080001b4   0x080001b4   0x00000002   Code   RO          722    .ARM.Collect$$libshutdown$$0000000F  c_w.l(libshutdown2.o)
    0x080001b6   0x080001b6   0x00000000   Code   RO          590    .ARM.Collect$$rtentry$$00000000  c_w.l(rtentry.o)
    0x080001b6   0x080001b6   0x00000000   Code   RO          602    .ARM.Collect$$rtentry$$00000002  c_w.l(rtentry2.o)
    0x080001b6   0x080001b6   0x00000006   Code   RO          614    .ARM.Collect$$rtentry$$00000004  c_w.l(rtentry4.o)
    0x080001bc   0x080001bc   0x00000000   Code   RO          604    .ARM.Collect$$rtentry$$00000009  c_w.l(rtentry2.o)
    0x080001bc   0x080001bc   0x00000004   Code   RO          605    .ARM.Collect$$rtentry$$0000000A  c_w.l(rtentry2.o)
    0x080001c0   0x080001c0   0x00000000   Code   RO          607    .ARM.Collect$$rtentry$$0000000C  c_w.l(rtentry2.o)
    0x080001c0   0x080001c0   0x00000008   Code   RO          608    .ARM.Collect$$rtentry$$0000000D  c_w.l(rtentry2.o)
    0x080001c8   0x080001c8   0x00000002   Code   RO          637    .ARM.Collect$$rtexit$$00000000  c_w.l(rtexit.o)
    0x080001ca   0x080001ca   0x00000000   Code   RO          683    .ARM.Collect$$rtexit$$00000002  c_w.l(rtexit2.o)
    0x080001ca   0x080001ca   0x00000004   Code   RO          684    .ARM.Collect$$rtexit$$00000003  c_w.l(rtexit2.o)
    0x080001ce   0x080001ce   0x00000006   Code   RO          685    .ARM.Collect$$rtexit$$00000004  c_w.l(rtexit2.o)
    0x080001d4   0x080001d4   0x000003dc   Code   RO            1    .text               main.o
    0x080005b0   0x080005b0   0x00000016   Code   RO          114    .text               stm32f10x_it.o
    0x080005c6   0x080005c6   0x00000002   PAD
    0x080005c8   0x080005c8   0x000001e0   Code   RO          164    .text               system_stm32f10x.o
    0x080007a8   0x080007a8   0x0000004c   Code   RO          182    .text               led.o
    0x080007f4   0x080007f4   0x00000ad4   Code   RO          217    .text               lcd.o
    0x080012c8   0x080012c8   0x000003ac   Code   RO          244    .text               lcd_init.o
    0x08001674   0x08001674   0x0000002c   Code   RO          256    .text               key.o
    0x080016a0   0x080016a0   0x00000130   Code   RO          268    .text               delay.o
    0x080017d0   0x080017d0   0x0000012c   Code   RO          313    .text               usart.o
    0x080018fc   0x080018fc   0x00000040   Code   RO          349    .text               startup_stm32f10x_hd.o
    0x0800193c   0x0800193c   0x000000dc   Code   RO          353    .text               misc.o
    0x08001a18   0x08001a18   0x0000035c   Code   RO          365    .text               stm32f10x_gpio.o
    0x08001d74   0x08001d74   0x00000408   Code   RO          377    .text               stm32f10x_usart.o
    0x0800217c   0x0800217c   0x000003a4   Code   RO          389    .text               stm32f10x_rcc.o
    0x08002520   0x08002520   0x00000750   Code   RO          403    .text               os_core.o
    0x08002c70   0x08002c70   0x0000080c   Code   RO          423    .text               os_flag.o
    0x0800347c   0x0800347c   0x000003cc   Code   RO          435    .text               os_mbox.o
    0x08003848   0x08003848   0x000005e8   Code   RO          465    .text               os_q.o
    0x08003e30   0x08003e30   0x000007c4   Code   RO          489    .text               os_task.o
    0x080045f4   0x080045f4   0x000001b0   Code   RO          501    .text               os_time.o
    0x080047a4   0x080047a4   0x000000ae   Code   RO          519    .text               os_cpu_c.o
    0x08004852   0x08004852   0x00000002   PAD
    0x08004854   0x08004854   0x000000b4   Code   RO          541    .text               os_cpu_a.o
    0x08004908   0x08004908   0x00000002   Code   RO          546    .text               c_w.l(use_no_semi_2.o)
    0x0800490a   0x0800490a   0x00000002   PAD
    0x0800490c   0x0800490c   0x00000018   Code   RO          550    .text               c_w.l(noretval__2printf.o)
    0x08004924   0x08004924   0x00000068   Code   RO          552    .text               c_w.l(__printf.o)
    0x0800498c   0x0800498c   0x00000074   Code   RO          554    .text               c_w.l(_printf_dec.o)
    0x08004a00   0x08004a00   0x00000006   Code   RO          578    .text               c_w.l(heapauxi.o)
    0x08004a06   0x08004a06   0x00000002   Code   RO          588    .text               c_w.l(use_no_semi.o)
    0x08004a08   0x08004a08   0x000000b2   Code   RO          591    .text               c_w.l(_printf_intcommon.o)
    0x08004aba   0x08004aba   0x00000002   PAD
    0x08004abc   0x08004abc   0x00000024   Code   RO          593    .text               c_w.l(_printf_char_file.o)
    0x08004ae0   0x08004ae0   0x00000030   Code   RO          616    .text               c_w.l(_printf_char_common.o)
    0x08004b10   0x08004b10   0x00000008   Code   RO          618    .text               c_w.l(ferror.o)
    0x08004b18   0x08004b18   0x0000004a   Code   RO          622    .text               c_w.l(sys_stackheap_outer.o)
    0x08004b62   0x08004b62   0x0000000c   Code   RO          626    .text               c_w.l(exit.o)
    0x08004b6e   0x08004b6e   0x00000002   PAD
    0x08004b70   0x08004b70   0x00000008   Code   RO          634    .text               c_w.l(libspace.o)
    0x08004b78   0x08004b78   0x0000003e   Code   RO          582    x$fpl$ffixu         fz_ws.l(ffixu.o)
    0x08004bb6   0x08004bb6   0x00000002   PAD
    0x08004bb8   0x08004bb8   0x00000102   Code   RO          586    x$fpl$fmul          fz_ws.l(fmul.o)
    0x08004cba   0x08004cba   0x0000008c   Code   RO          596    x$fpl$fnaninf       fz_ws.l(fnaninf.o)
    0x08004d46   0x08004d46   0x0000000a   Code   RO          598    x$fpl$fretinf       fz_ws.l(fretinf.o)
    0x08004d50   0x08004d50   0x00000000   Code   RO          600    x$fpl$usenofp       fz_ws.l(usenofp.o)
    0x08004d50   0x08004d50   0x0000391c   Data   RO          218    .constdata          lcd.o
    0x0800866c   0x0800866c   0x00000100   Data   RO          405    .constdata          os_core.o
    0x0800876c   0x0800876c   0x00000020   Data   RO          754    Region$$Table       anon$$obj.o


    Execution Region RW_IRAM1 (Exec base: 0x20000000, Load base: 0x0800878c, Size: 0x00001a08, Max: 0x00010000, ABSOLUTE)

    Exec Addr    Load Addr    Size         Type   Attr      Idx    E Section Name        Object

    0x20000000   0x0800878c   0x0000001e   Data   RW            4    .data               main.o
    0x2000001e   0x080087aa   0x00000002   PAD
    0x20000020   0x080087ac   0x00000014   Data   RW          165    .data               system_stm32f10x.o
    0x20000034   0x080087c0   0x00000004   Data   RW          269    .data               delay.o
    0x20000038   0x080087c4   0x00000009   Data   RW          315    .data               usart.o
    0x20000041   0x080087cd   0x00000014   Data   RW          390    .data               stm32f10x_rcc.o
    0x20000055   0x080087e1   0x00000003   PAD
    0x20000058   0x080087e4   0x0000003c   Data   RW          406    .data               os_core.o
    0x20000094        -       0x00000610   Zero   RW            2    .bss                main.o
    0x200006a4        -       0x000000d7   Zero   RW          314    .bss                usart.o
    0x2000077b   0x08008820   0x00000001   PAD
    0x2000077c        -       0x0000082c   Zero   RW          404    .bss                os_core.o
    0x20000fa8        -       0x00000060   Zero   RW          635    .bss                c_w.l(libspace.o)
    0x20001008        -       0x00000200   Zero   RW          347    HEAP                startup_stm32f10x_hd.o
    0x20001208        -       0x00000800   Zero   RW          346    STACK               startup_stm32f10x_hd.o


==============================================================================

Image component sizes


      Code (inc. data)   RO Data    RW Data    ZI Data      Debug   Object Name

       304         24          0          4          0       9721   delay.o
        44          6          0          0          0        455   key.o
      2772         40      14620          0          0       9721   lcd.o
       940         12          0          0          0       2030   lcd_init.o
        76          8          0          0          0     205231   led.o
       988        250          0         30       1552     234245   main.o
       220         22          0          0          0       1793   misc.o
      1872        146        256         60       2092      14003   os_core.o
       180         36          0          0          0        320   os_cpu_a.o
       174          0          0          0          0      10133   os_cpu_c.o
      2060         42          0          0          0       6748   os_flag.o
       972         16          0          0          0       4078   os_mbox.o
      1512         30          0          0          0       5477   os_q.o
      1988         70          0          0          0       7413   os_task.o
       432         30          0          0          0       1754   os_time.o
        64         26        304          0       2560        788   startup_stm32f10x_hd.o
       860         38          0          0          0       5645   stm32f10x_gpio.o
        22          0          0          0          0      24127   stm32f10x_it.o
       932         36          0         20          0       8808   stm32f10x_rcc.o
      1032         22          0          0          0       8364   stm32f10x_usart.o
         0          0          0          0          0         32   sys.o
       480         38          0         20          0       1691   system_stm32f10x.o
       300         30          0          9        215       3194   usart.o

    ----------------------------------------------------------------------
     18228        922      15212        148       6420     565771   Object Totals
         0          0         32          0          0          0   (incl. Generated)
         4          0          0          5          1          0   (incl. Padding)

    ----------------------------------------------------------------------

      Code (inc. data)   RO Data    RW Data    ZI Data      Debug   Library Member Name

         8          0          0          0          0         68   __main.o
       104          0          0          0          0         84   __printf.o
        52          8          0          0          0          0   __scatter.o
        26          0          0          0          0          0   __scatter_copy.o
        28          0          0          0          0          0   __scatter_zi.o
        48          6          0          0          0         96   _printf_char_common.o
        36          4          0          0          0         80   _printf_char_file.o
         6          0          0          0          0          0   _printf_d.o
       116         16          0          0          0         92   _printf_dec.o
       178          0          0          0          0         88   _printf_intcommon.o
         0          0          0          0          0          0   _printf_percent.o
         4          0          0          0          0          0   _printf_percent_end.o
        12          0          0          0          0         72   exit.o
         8          0          0          0          0         68   ferror.o
         6          0          0          0          0        152   heapauxi.o
         2          0          0          0          0          0   libinit.o
         2          0          0          0          0          0   libinit2.o
         2          0          0          0          0          0   libshutdown.o
         2          0          0          0          0          0   libshutdown2.o
         8          4          0          0         96         68   libspace.o
        24          4          0          0          0         84   noretval__2printf.o
         0          0          0          0          0          0   rtentry.o
        12          0          0          0          0          0   rtentry2.o
         6          0          0          0          0          0   rtentry4.o
         2          0          0          0          0          0   rtexit.o
        10          0          0          0          0          0   rtexit2.o
        74          0          0          0          0         80   sys_stackheap_outer.o
         2          0          0          0          0         68   use_no_semi.o
         2          0          0          0          0         68   use_no_semi_2.o
        62          4          0          0          0         84   ffixu.o
       258          4          0          0          0         84   fmul.o
       140          4          0          0          0         84   fnaninf.o
        10          0          0          0          0         68   fretinf.o
         0          0          0          0          0          0   usenofp.o

    ----------------------------------------------------------------------
      1260         54          0          0         96       1488   Library Totals
        10          0          0          0          0          0   (incl. Padding)

    ----------------------------------------------------------------------

      Code (inc. data)   RO Data    RW Data    ZI Data      Debug   Library Name

       780         42          0          0         96       1168   c_w.l
       470         12          0          0          0        320   fz_ws.l

    ----------------------------------------------------------------------
      1260         54          0          0         96       1488   Library Totals

    ----------------------------------------------------------------------

==============================================================================


      Code (inc. data)   RO Data    RW Data    ZI Data      Debug   

     19488        976      15212        148       6516     564967   Grand Totals
     19488        976      15212        148       6516     564967   ELF Image Totals
     19488        976      15212        148          0          0   ROM Totals

==============================================================================

    Total RO  Size (Code + RO Data)                34700 (  33.89kB)
    Total RW  Size (RW Data + ZI Data)              6664 (   6.51kB)
    Total ROM Size (Code + RO Data + RW Data)      34848 (  34.03kB)

==============================================================================

